Archive member included to satisfy reference by file (symbol)

c:/program files/microchip/xc8/v2.32/avr/bin/../lib/gcc/avr/5.4.0/avr5/memx-const\libgcc.a(_exit.o)
                              C:/Program Files/Microchip/MPLABX/v5.50/packs/Microchip/ATmega_DFP/2.3.126/xc8/avr/lib/avr5/memx-const/crtatmega32a.o (exit)
c:/program files/microchip/xc8/v2.32/avr/bin/../lib/gcc/avr/5.4.0/avr5/memx-const\libgcc.a(_copy_data.o)
                              build/default/production/atemga32a.o (__do_clear_bss)
c:/program files/microchip/xc8/v2.32/avr/bin/../lib/gcc/avr/5.4.0/avr5/memx-const\libgcc.a(_movmemx.o)
                              build/default/production/lcd_control_main.o (__movmemx_qi)
c:/program files/microchip/xc8/v2.32/avr/bin/../lib/gcc/avr/5.4.0/../../../../avr/lib/avr5/memx-const\libc.a(itoa_ncheck.o)
                              build/default/production/interfacing_connection_logic.o (__itoa_ncheck)
c:/program files/microchip/xc8/v2.32/avr/bin/../lib/gcc/avr/5.4.0/../../../../avr/lib/avr5/memx-const\libc.a(utoa_ncheck.o)
                              c:/program files/microchip/xc8/v2.32/avr/bin/../lib/gcc/avr/5.4.0/../../../../avr/lib/avr5/memx-const\libc.a(itoa_ncheck.o) (__utoa_common)
c:/program files/microchip/xc8/v2.32/avr/bin/../lib/gcc/avr/5.4.0/../../../../avr/lib/avr5/memx-const\libc.a(strrev.o)
                              c:/program files/microchip/xc8/v2.32/avr/bin/../lib/gcc/avr/5.4.0/../../../../avr/lib/avr5/memx-const\libc.a(utoa_ncheck.o) (strrev)

Allocating common symbols
Common symbol       size              file

fun_ret_status_and_data
                    0x2               build/default/production/atemga32a.o

Discarded input sections

 .data          0x0000000000000000        0x0 C:/Program Files/Microchip/MPLABX/v5.50/packs/Microchip/ATmega_DFP/2.3.126/xc8/avr/lib/avr5/memx-const/crtatmega32a.o
 .bss           0x0000000000000000        0x0 C:/Program Files/Microchip/MPLABX/v5.50/packs/Microchip/ATmega_DFP/2.3.126/xc8/avr/lib/avr5/memx-const/crtatmega32a.o
 .text          0x0000000000000000        0x0 build/default/production/lcd_control_main.o
 .data          0x0000000000000000        0x0 build/default/production/lcd_control_main.o
 .bss           0x0000000000000000        0x0 build/default/production/lcd_control_main.o
 .text          0x0000000000000000        0x0 build/default/production/atemga32a.o
 .data          0x0000000000000000        0x0 build/default/production/atemga32a.o
 .bss           0x0000000000000000        0x0 build/default/production/atemga32a.o
 .text.setPortInOut
                0x0000000000000000       0x58 build/default/production/atemga32a.o
 .text.setPortPinInOut
                0x0000000000000000       0x34 build/default/production/atemga32a.o
 .text.outControlSignalThroughPort
                0x0000000000000000       0x30 build/default/production/atemga32a.o
 .text.outControlSignalThroughPortPin
                0x0000000000000000       0x34 build/default/production/atemga32a.o
 .text.scanControlSignalThroughPort
                0x0000000000000000       0x48 build/default/production/atemga32a.o
 .text.scanControlSignalThroughPortPin
                0x0000000000000000       0x94 build/default/production/atemga32a.o
 .text.scanControlPassingThroughPortPin
                0x0000000000000000      0x10e build/default/production/atemga32a.o
 .text          0x0000000000000000        0x0 build/default/production/interfacing_connection_logic.o
 .data          0x0000000000000000        0x0 build/default/production/interfacing_connection_logic.o
 .bss           0x0000000000000000        0x0 build/default/production/interfacing_connection_logic.o
 .text.isBTNPressed
                0x0000000000000000       0x1a build/default/production/interfacing_connection_logic.o
 .text.isLEDOnOrOFF
                0x0000000000000000       0x10 build/default/production/interfacing_connection_logic.o
 .text.displayCharOrCommandLCD
                0x0000000000000000       0x8a build/default/production/interfacing_connection_logic.o
 .text          0x0000000000000000        0x0 build/default/production/phone_keypad.o
 .data          0x0000000000000000        0x0 build/default/production/phone_keypad.o
 .bss           0x0000000000000000        0x0 build/default/production/phone_keypad.o
 .text.initKeypad
                0x0000000000000000       0x3a build/default/production/phone_keypad.o
 .text.driveBiasSiganlThroughKeypad
                0x0000000000000000       0x5e build/default/production/phone_keypad.o
 .text.getPressedKey
                0x0000000000000000       0x80 build/default/production/phone_keypad.o
 .debug_info    0x0000000000000000      0x517 build/default/production/phone_keypad.o
 .debug_abbrev  0x0000000000000000      0x112 build/default/production/phone_keypad.o
 .debug_loc     0x0000000000000000      0x1e0 build/default/production/phone_keypad.o
 .debug_aranges
                0x0000000000000000       0x30 build/default/production/phone_keypad.o
 .debug_ranges  0x0000000000000000       0x38 build/default/production/phone_keypad.o
 .debug_line    0x0000000000000000      0x155 build/default/production/phone_keypad.o
 .debug_str     0x0000000000000000       0x63 build/default/production/phone_keypad.o
 .comment       0x0000000000000000       0x30 build/default/production/phone_keypad.o
 .debug_frame   0x0000000000000000       0x6c build/default/production/phone_keypad.o
 .text          0x0000000000000000        0x0 build/default/production/interrupt_configuration.o
 .data          0x0000000000000000        0x0 build/default/production/interrupt_configuration.o
 .bss           0x0000000000000000        0x0 build/default/production/interrupt_configuration.o
 .text.initInterruptService
                0x0000000000000000       0x5c build/default/production/interrupt_configuration.o
 .debug_info    0x0000000000000000      0x340 build/default/production/interrupt_configuration.o
 .debug_abbrev  0x0000000000000000       0x8d build/default/production/interrupt_configuration.o
 .debug_loc     0x0000000000000000       0xa6 build/default/production/interrupt_configuration.o
 .debug_aranges
                0x0000000000000000       0x20 build/default/production/interrupt_configuration.o
 .debug_ranges  0x0000000000000000       0x10 build/default/production/interrupt_configuration.o
 .debug_line    0x0000000000000000       0xfa build/default/production/interrupt_configuration.o
 .debug_str     0x0000000000000000       0x12 build/default/production/interrupt_configuration.o
 .comment       0x0000000000000000       0x30 build/default/production/interrupt_configuration.o
 .debug_frame   0x0000000000000000       0x24 build/default/production/interrupt_configuration.o
 .text          0x0000000000000000        0x0 build/default/production/adc_interfacing.o
 .data          0x0000000000000000        0x0 build/default/production/adc_interfacing.o
 .bss           0x0000000000000000        0x0 build/default/production/adc_interfacing.o
 .text.onConversionCompleteUsingPolling
                0x0000000000000000       0x1a build/default/production/adc_interfacing.o
 .text          0x0000000000000000        0x0 c:/program files/microchip/xc8/v2.32/avr/bin/../lib/gcc/avr/5.4.0/avr5/memx-const\libgcc.a(_exit.o)
 .data          0x0000000000000000        0x0 c:/program files/microchip/xc8/v2.32/avr/bin/../lib/gcc/avr/5.4.0/avr5/memx-const\libgcc.a(_exit.o)
 .bss           0x0000000000000000        0x0 c:/program files/microchip/xc8/v2.32/avr/bin/../lib/gcc/avr/5.4.0/avr5/memx-const\libgcc.a(_exit.o)
 .text.libgcc.mul
                0x0000000000000000        0x0 c:/program files/microchip/xc8/v2.32/avr/bin/../lib/gcc/avr/5.4.0/avr5/memx-const\libgcc.a(_exit.o)
 .text.libgcc.div
                0x0000000000000000        0x0 c:/program files/microchip/xc8/v2.32/avr/bin/../lib/gcc/avr/5.4.0/avr5/memx-const\libgcc.a(_exit.o)
 .text.libgcc   0x0000000000000000        0x0 c:/program files/microchip/xc8/v2.32/avr/bin/../lib/gcc/avr/5.4.0/avr5/memx-const\libgcc.a(_exit.o)
 .text.libgcc.prologue
                0x0000000000000000        0x0 c:/program files/microchip/xc8/v2.32/avr/bin/../lib/gcc/avr/5.4.0/avr5/memx-const\libgcc.a(_exit.o)
 .stack.descriptors
                0x0000000000000000       0x13 c:/program files/microchip/xc8/v2.32/avr/bin/../lib/gcc/avr/5.4.0/avr5/memx-const\libgcc.a(_exit.o)
 .text.libgcc.builtins
                0x0000000000000000        0x0 c:/program files/microchip/xc8/v2.32/avr/bin/../lib/gcc/avr/5.4.0/avr5/memx-const\libgcc.a(_exit.o)
 .text.libgcc.fmul
                0x0000000000000000        0x0 c:/program files/microchip/xc8/v2.32/avr/bin/../lib/gcc/avr/5.4.0/avr5/memx-const\libgcc.a(_exit.o)
 .text.libgcc.fixed
                0x0000000000000000        0x0 c:/program files/microchip/xc8/v2.32/avr/bin/../lib/gcc/avr/5.4.0/avr5/memx-const\libgcc.a(_exit.o)
 .text          0x0000000000000000        0x0 c:/program files/microchip/xc8/v2.32/avr/bin/../lib/gcc/avr/5.4.0/avr5/memx-const\libgcc.a(_copy_data.o)
 .data          0x0000000000000000        0x0 c:/program files/microchip/xc8/v2.32/avr/bin/../lib/gcc/avr/5.4.0/avr5/memx-const\libgcc.a(_copy_data.o)
 .bss           0x0000000000000000        0x0 c:/program files/microchip/xc8/v2.32/avr/bin/../lib/gcc/avr/5.4.0/avr5/memx-const\libgcc.a(_copy_data.o)
 .text.libgcc.mul
                0x0000000000000000        0x0 c:/program files/microchip/xc8/v2.32/avr/bin/../lib/gcc/avr/5.4.0/avr5/memx-const\libgcc.a(_copy_data.o)
 .text.libgcc.div
                0x0000000000000000        0x0 c:/program files/microchip/xc8/v2.32/avr/bin/../lib/gcc/avr/5.4.0/avr5/memx-const\libgcc.a(_copy_data.o)
 .text.libgcc   0x0000000000000000        0x0 c:/program files/microchip/xc8/v2.32/avr/bin/../lib/gcc/avr/5.4.0/avr5/memx-const\libgcc.a(_copy_data.o)
 .text.libgcc.prologue
                0x0000000000000000        0x0 c:/program files/microchip/xc8/v2.32/avr/bin/../lib/gcc/avr/5.4.0/avr5/memx-const\libgcc.a(_copy_data.o)
 .text.libgcc.builtins
                0x0000000000000000        0x0 c:/program files/microchip/xc8/v2.32/avr/bin/../lib/gcc/avr/5.4.0/avr5/memx-const\libgcc.a(_copy_data.o)
 .text.libgcc.fmul
                0x0000000000000000        0x0 c:/program files/microchip/xc8/v2.32/avr/bin/../lib/gcc/avr/5.4.0/avr5/memx-const\libgcc.a(_copy_data.o)
 .text.libgcc.fixed
                0x0000000000000000        0x0 c:/program files/microchip/xc8/v2.32/avr/bin/../lib/gcc/avr/5.4.0/avr5/memx-const\libgcc.a(_copy_data.o)
 .text          0x0000000000000000        0x0 c:/program files/microchip/xc8/v2.32/avr/bin/../lib/gcc/avr/5.4.0/avr5/memx-const\libgcc.a(_movmemx.o)
 .data          0x0000000000000000        0x0 c:/program files/microchip/xc8/v2.32/avr/bin/../lib/gcc/avr/5.4.0/avr5/memx-const\libgcc.a(_movmemx.o)
 .bss           0x0000000000000000        0x0 c:/program files/microchip/xc8/v2.32/avr/bin/../lib/gcc/avr/5.4.0/avr5/memx-const\libgcc.a(_movmemx.o)
 .text.libgcc.mul
                0x0000000000000000        0x0 c:/program files/microchip/xc8/v2.32/avr/bin/../lib/gcc/avr/5.4.0/avr5/memx-const\libgcc.a(_movmemx.o)
 .text.libgcc.div
                0x0000000000000000        0x0 c:/program files/microchip/xc8/v2.32/avr/bin/../lib/gcc/avr/5.4.0/avr5/memx-const\libgcc.a(_movmemx.o)
 .text.libgcc.prologue
                0x0000000000000000        0x0 c:/program files/microchip/xc8/v2.32/avr/bin/../lib/gcc/avr/5.4.0/avr5/memx-const\libgcc.a(_movmemx.o)
 .stack.descriptors
                0x0000000000000000       0x34 c:/program files/microchip/xc8/v2.32/avr/bin/../lib/gcc/avr/5.4.0/avr5/memx-const\libgcc.a(_movmemx.o)
 .text.libgcc.builtins
                0x0000000000000000        0x0 c:/program files/microchip/xc8/v2.32/avr/bin/../lib/gcc/avr/5.4.0/avr5/memx-const\libgcc.a(_movmemx.o)
 .text.libgcc.fmul
                0x0000000000000000        0x0 c:/program files/microchip/xc8/v2.32/avr/bin/../lib/gcc/avr/5.4.0/avr5/memx-const\libgcc.a(_movmemx.o)
 .text.libgcc.fixed
                0x0000000000000000        0x0 c:/program files/microchip/xc8/v2.32/avr/bin/../lib/gcc/avr/5.4.0/avr5/memx-const\libgcc.a(_movmemx.o)
 .text          0x0000000000000000        0x0 c:/program files/microchip/xc8/v2.32/avr/bin/../lib/gcc/avr/5.4.0/../../../../avr/lib/avr5/memx-const\libc.a(itoa_ncheck.o)
 .data          0x0000000000000000        0x0 c:/program files/microchip/xc8/v2.32/avr/bin/../lib/gcc/avr/5.4.0/../../../../avr/lib/avr5/memx-const\libc.a(itoa_ncheck.o)
 .bss           0x0000000000000000        0x0 c:/program files/microchip/xc8/v2.32/avr/bin/../lib/gcc/avr/5.4.0/../../../../avr/lib/avr5/memx-const\libc.a(itoa_ncheck.o)
 .stack.descriptors
                0x0000000000000000       0x1b c:/program files/microchip/xc8/v2.32/avr/bin/../lib/gcc/avr/5.4.0/../../../../avr/lib/avr5/memx-const\libc.a(itoa_ncheck.o)
 .text          0x0000000000000000        0x0 c:/program files/microchip/xc8/v2.32/avr/bin/../lib/gcc/avr/5.4.0/../../../../avr/lib/avr5/memx-const\libc.a(utoa_ncheck.o)
 .data          0x0000000000000000        0x0 c:/program files/microchip/xc8/v2.32/avr/bin/../lib/gcc/avr/5.4.0/../../../../avr/lib/avr5/memx-const\libc.a(utoa_ncheck.o)
 .bss           0x0000000000000000        0x0 c:/program files/microchip/xc8/v2.32/avr/bin/../lib/gcc/avr/5.4.0/../../../../avr/lib/avr5/memx-const\libc.a(utoa_ncheck.o)
 .stack.descriptors
                0x0000000000000000       0x36 c:/program files/microchip/xc8/v2.32/avr/bin/../lib/gcc/avr/5.4.0/../../../../avr/lib/avr5/memx-const\libc.a(utoa_ncheck.o)
 .text          0x0000000000000000        0x0 c:/program files/microchip/xc8/v2.32/avr/bin/../lib/gcc/avr/5.4.0/../../../../avr/lib/avr5/memx-const\libc.a(strrev.o)
 .data          0x0000000000000000        0x0 c:/program files/microchip/xc8/v2.32/avr/bin/../lib/gcc/avr/5.4.0/../../../../avr/lib/avr5/memx-const\libc.a(strrev.o)
 .bss           0x0000000000000000        0x0 c:/program files/microchip/xc8/v2.32/avr/bin/../lib/gcc/avr/5.4.0/../../../../avr/lib/avr5/memx-const\libc.a(strrev.o)
 .stack.descriptors
                0x0000000000000000       0x14 c:/program files/microchip/xc8/v2.32/avr/bin/../lib/gcc/avr/5.4.0/../../../../avr/lib/avr5/memx-const\libc.a(strrev.o)

Memory Configuration

Name             Origin             Length             Attributes
text             0x0000000000000000 0x0000000000008000 xr
data             0x0000000000800060 0x0000000000000800 rw !x
eeprom           0x0000000000810000 0x0000000000000400 rw !x
fuse             0x0000000000820000 0x0000000000000002 rw !x
lock             0x0000000000830000 0x0000000000000400 rw !x
signature        0x0000000000840000 0x0000000000000400 rw !x
user_signatures  0x0000000000850000 0x0000000000000400 rw !x
*default*        0x0000000000000000 0xffffffffffffffff

Linker script and memory map

LOAD C:/Program Files/Microchip/MPLABX/v5.50/packs/Microchip/ATmega_DFP/2.3.126/xc8/avr/lib/avr5/memx-const/crtatmega32a.o
                0x0000000000000001                __MPLAB_BUILD = 0x1
LOAD build/default/production/lcd_control_main.o
LOAD build/default/production/atemga32a.o
LOAD build/default/production/interfacing_connection_logic.o
LOAD build/default/production/phone_keypad.o
LOAD build/default/production/interrupt_configuration.o
LOAD build/default/production/adc_interfacing.o
START GROUP
LOAD c:/program files/microchip/xc8/v2.32/avr/bin/../lib/gcc/avr/5.4.0/../../../../avr/lib/avr5/memx-const\libm.a
END GROUP
START GROUP
LOAD c:/program files/microchip/xc8/v2.32/avr/bin/../lib/gcc/avr/5.4.0/avr5/memx-const\libgcc.a
LOAD c:/program files/microchip/xc8/v2.32/avr/bin/../lib/gcc/avr/5.4.0/../../../../avr/lib/avr5/memx-const\libm.a
LOAD c:/program files/microchip/xc8/v2.32/avr/bin/../lib/gcc/avr/5.4.0/../../../../avr/lib/avr5/memx-const\libc.a
LOAD C:/Program Files/Microchip/MPLABX/v5.50/packs/Microchip/ATmega_DFP/2.3.126/xc8/avr/lib/avr5/memx-const\libatmega32a.a
END GROUP
                [0x0000000000000000]                __TEXT_REGION_ORIGIN__ = DEFINED (__TEXT_REGION_ORIGIN__)?__TEXT_REGION_ORIGIN__:0x0
                [0x0000000000800060]                __DATA_REGION_ORIGIN__ = DEFINED (__DATA_REGION_ORIGIN__)?__DATA_REGION_ORIGIN__:0x800060
                [0x0000000000008000]                __TEXT_REGION_LENGTH__ = DEFINED (__TEXT_REGION_LENGTH__)?__TEXT_REGION_LENGTH__:0x20000
                [0x0000000000000800]                __DATA_REGION_LENGTH__ = DEFINED (__DATA_REGION_LENGTH__)?__DATA_REGION_LENGTH__:0xffa0
                [0x0000000000000400]                __EEPROM_REGION_LENGTH__ = DEFINED (__EEPROM_REGION_LENGTH__)?__EEPROM_REGION_LENGTH__:0x10000
                [0x0000000000000002]                __FUSE_REGION_LENGTH__ = DEFINED (__FUSE_REGION_LENGTH__)?__FUSE_REGION_LENGTH__:0x400
                0x0000000000000400                __LOCK_REGION_LENGTH__ = DEFINED (__LOCK_REGION_LENGTH__)?__LOCK_REGION_LENGTH__:0x400
                0x0000000000000400                __SIGNATURE_REGION_LENGTH__ = DEFINED (__SIGNATURE_REGION_LENGTH__)?__SIGNATURE_REGION_LENGTH__:0x400
                0x0000000000000400                __USER_SIGNATURE_REGION_LENGTH__ = DEFINED (__USER_SIGNATURE_REGION_LENGTH__)?__USER_SIGNATURE_REGION_LENGTH__:0x400

.hash
 *(.hash)

.dynsym
 *(.dynsym)

.dynstr
 *(.dynstr)

.gnu.version
 *(.gnu.version)

.gnu.version_d
 *(.gnu.version_d)

.gnu.version_r
 *(.gnu.version_r)

.rel.init
 *(.rel.init)

.rela.init
 *(.rela.init)

.rel.text
 *(.rel.text)
 *(.rel.text.*)
 *(.rel.gnu.linkonce.t*)

.rela.text
 *(.rela.text)
 *(.rela.text.*)
 *(.rela.gnu.linkonce.t*)

.rel.fini
 *(.rel.fini)

.rela.fini
 *(.rela.fini)

.rel.rodata
 *(.rel.rodata)
 *(.rel.rodata.*)
 *(.rel.gnu.linkonce.r*)

.rela.rodata
 *(.rela.rodata)
 *(.rela.rodata.*)
 *(.rela.gnu.linkonce.r*)

.rel.data
 *(.rel.data)
 *(.rel.data.*)
 *(.rel.gnu.linkonce.d*)

.rela.data
 *(.rela.data)
 *(.rela.data.*)
 *(.rela.gnu.linkonce.d*)

.rel.ctors
 *(.rel.ctors)

.rela.ctors
 *(.rela.ctors)

.rel.dtors
 *(.rel.dtors)

.rela.dtors
 *(.rela.dtors)

.rel.got
 *(.rel.got)

.rela.got
 *(.rela.got)

.rel.bss
 *(.rel.bss)

.rela.bss
 *(.rela.bss)

.rel.plt
 *(.rel.plt)

.rela.plt
 *(.rela.plt)

.text           0x0000000000000000       0xae
 *(.vectors)
 .vectors       0x0000000000000000       0x54 C:/Program Files/Microchip/MPLABX/v5.50/packs/Microchip/ATmega_DFP/2.3.126/xc8/avr/lib/avr5/memx-const/crtatmega32a.o
                0x0000000000000000                __vector_default
                0x0000000000000000                __vectors
 *(.vectors)
 *(.progmem.gcc*)
 *(.dinit)
 .dinit         0x0000000000000054        0x5 data_init
                0x000000000000005a                . = ALIGN (0x2)
 *fill*         0x0000000000000059        0x1 
                0x000000000000005a                __trampolines_start = .
 *(.trampolines)
 .trampolines   0x000000000000005a        0x0 linker stubs
 *(.trampolines*)
                0x000000000000005a                __trampolines_end = .
 *libprintf_flt.a:*(.progmem.data)
 *libc.a:*(.progmem.data)
                0x000000000000005a                . = ALIGN (0x2)
 *(.jumptables)
 *(.jumptables*)
 *(.lowtext)
 *(.lowtext*)
                0x000000000000005a                __ctors_start = .
 *(.ctors)
                0x000000000000005a                __ctors_end = .
                0x000000000000005a                __dtors_start = .
 *(.dtors)
                0x000000000000005a                __dtors_end = .
 SORT(*)(.ctors)
 SORT(*)(.dtors)
 *(.init0)
 .init0         0x000000000000005a        0x0 C:/Program Files/Microchip/MPLABX/v5.50/packs/Microchip/ATmega_DFP/2.3.126/xc8/avr/lib/avr5/memx-const/crtatmega32a.o
                0x000000000000005a                __init
 *(.init0)
 *(.init1)
 *(.init1)
 *(.init2)
 .init2         0x000000000000005a        0xc C:/Program Files/Microchip/MPLABX/v5.50/packs/Microchip/ATmega_DFP/2.3.126/xc8/avr/lib/avr5/memx-const/crtatmega32a.o
 *(.init2)
 *(.init3)
 *(.init3)
 *(.init4)
 .init4         0x0000000000000066       0x3c c:/program files/microchip/xc8/v2.32/avr/bin/../lib/gcc/avr/5.4.0/avr5/memx-const\libgcc.a(_copy_data.o)
                0x0000000000000066                __do_copy_data
                0x0000000000000094                __do_clear_bss
 *(.init4)
 *(.init5)
 *(.init5)
 *(.init6)
 *(.init6)
 *(.init7)
 *(.init7)
 *(.init8)
 *(.init8)
 *(.init9)
 .init9         0x00000000000000a2        0x8 C:/Program Files/Microchip/MPLABX/v5.50/packs/Microchip/ATmega_DFP/2.3.126/xc8/avr/lib/avr5/memx-const/crtatmega32a.o
 *(.init9)
                0x00000000000000aa                . = ALIGN (0x2)
 *(.fini9)
 .fini9         0x00000000000000aa        0x0 c:/program files/microchip/xc8/v2.32/avr/bin/../lib/gcc/avr/5.4.0/avr5/memx-const\libgcc.a(_exit.o)
                0x00000000000000aa                _exit
                0x00000000000000aa                exit
 *(.fini9)
 *(.fini8)
 *(.fini8)
 *(.fini7)
 *(.fini7)
 *(.fini6)
 *(.fini6)
 *(.fini5)
 *(.fini5)
 *(.fini4)
 *(.fini4)
 *(.fini3)
 *(.fini3)
 *(.fini2)
 *(.fini2)
 *(.fini1)
 *(.fini1)
 *(.fini0)
 .fini0         0x00000000000000aa        0x4 c:/program files/microchip/xc8/v2.32/avr/bin/../lib/gcc/avr/5.4.0/avr5/memx-const\libgcc.a(_exit.o)
 *(.fini0)
                0x00000000000000ae                _etext = .

.data           0x0000000000800060        0x0 load address 0x00000000000000ae
                [!provide]                        PROVIDE (__data_start, .)
 *(.gnu.linkonce.d*)
 *(.gnu.linkonce.r*)
                0x0000000000800060                . = ALIGN (0x2)
                0x0000000000800060                _edata = .
                [!provide]                        PROVIDE (__data_end, .)

.bss            0x0000000000800060        0x2
                [!provide]                        PROVIDE (__bss_start, .)
 *(COMMON)
 COMMON         0x0000000000800060        0x2 build/default/production/atemga32a.o
                0x0000000000800060                fun_ret_status_and_data
                [!provide]                        PROVIDE (__bss_end, .)
                0x00000000000000ae                __data_load_start = LOADADDR (.data)
                0x00000000000000ae                __data_load_end = (__data_load_start + SIZEOF (.data))

.noinit         0x0000000000800062        0x0
                [!provide]                        PROVIDE (__noinit_start, .)
 *(.noinit*)
                [!provide]                        PROVIDE (__noinit_end, .)
                0x0000000000800062                _end = .

.eeprom         0x0000000000810000        0x0
 *(.eeprom*)
                0x0000000000810000                __eeprom_end = .

.fuse
 *(.fuse)
 *(.lfuse)
 *(.hfuse)
 *(.efuse)

.lock
 *(.lock*)

.signature
 *(.signature*)

.user_signatures
 *(.user_signatures*)

.stab
 *(.stab)

.stabstr
 *(.stabstr)

.stab.excl
 *(.stab.excl)

.stab.exclstr
 *(.stab.exclstr)

.stab.index
 *(.stab.index)

.stab.indexstr
 *(.stab.indexstr)

.comment        0x0000000000000000       0x2f
 *(.comment)
 .comment       0x0000000000000000       0x2f build/default/production/lcd_control_main.o
                                         0x30 (size before relaxing)
 .comment       0x000000000000002f       0x30 build/default/production/atemga32a.o
 .comment       0x000000000000002f       0x30 build/default/production/interfacing_connection_logic.o
 .comment       0x000000000000002f       0x30 build/default/production/adc_interfacing.o

.stack.descriptors.hdr
                0x0000000000000000       0x46
 .stack.descriptors.hdr
                0x0000000000000000        0xe c:/program files/microchip/xc8/v2.32/avr/bin/../lib/gcc/avr/5.4.0/avr5/memx-const\libgcc.a(_exit.o)
 .stack.descriptors.hdr
                0x000000000000000e        0xe c:/program files/microchip/xc8/v2.32/avr/bin/../lib/gcc/avr/5.4.0/avr5/memx-const\libgcc.a(_movmemx.o)
 .stack.descriptors.hdr
                0x000000000000001c        0xe c:/program files/microchip/xc8/v2.32/avr/bin/../lib/gcc/avr/5.4.0/../../../../avr/lib/avr5/memx-const\libc.a(itoa_ncheck.o)
 .stack.descriptors.hdr
                0x000000000000002a        0xe c:/program files/microchip/xc8/v2.32/avr/bin/../lib/gcc/avr/5.4.0/../../../../avr/lib/avr5/memx-const\libc.a(utoa_ncheck.o)
 .stack.descriptors.hdr
                0x0000000000000038        0xe c:/program files/microchip/xc8/v2.32/avr/bin/../lib/gcc/avr/5.4.0/../../../../avr/lib/avr5/memx-const\libc.a(strrev.o)

.note.gnu.build-id
 *(.note.gnu.build-id)

.debug
 *(.debug)

.line
 *(.line)

.debug_srcinfo
 *(.debug_srcinfo)

.debug_sfnames
 *(.debug_sfnames)

.debug_aranges  0x0000000000000000      0x168
 *(.debug_aranges)
 .debug_aranges
                0x0000000000000000       0x28 build/default/production/lcd_control_main.o
 .debug_aranges
                0x0000000000000028       0x60 build/default/production/atemga32a.o
 .debug_aranges
                0x0000000000000088       0xa0 build/default/production/interfacing_connection_logic.o
 .debug_aranges
                0x0000000000000128       0x40 build/default/production/adc_interfacing.o

.debug_pubnames
 *(.debug_pubnames)

.debug_info     0x0000000000000000     0x2707
 *(.debug_info .gnu.linkonce.wi.*)
 .debug_info    0x0000000000000000      0x4e6 C:/Program Files/Microchip/MPLABX/v5.50/packs/Microchip/ATmega_DFP/2.3.126/xc8/avr/lib/avr5/memx-const/crtatmega32a.o
 .debug_info    0x00000000000004e6      0x707 build/default/production/lcd_control_main.o
 .debug_info    0x0000000000000bed      0x645 build/default/production/atemga32a.o
 .debug_info    0x0000000000001232     0x107f build/default/production/interfacing_connection_logic.o
 .debug_info    0x00000000000022b1      0x456 build/default/production/adc_interfacing.o

.debug_abbrev   0x0000000000000000      0x9ee
 *(.debug_abbrev)
 .debug_abbrev  0x0000000000000000      0x4a3 C:/Program Files/Microchip/MPLABX/v5.50/packs/Microchip/ATmega_DFP/2.3.126/xc8/avr/lib/avr5/memx-const/crtatmega32a.o
 .debug_abbrev  0x00000000000004a3      0x155 build/default/production/lcd_control_main.o
 .debug_abbrev  0x00000000000005f8      0x107 build/default/production/atemga32a.o
 .debug_abbrev  0x00000000000006ff      0x239 build/default/production/interfacing_connection_logic.o
 .debug_abbrev  0x0000000000000938       0xb6 build/default/production/adc_interfacing.o

.debug_line     0x0000000000000000      0xf66
 *(.debug_line .debug_line.* .debug_line_end)
 .debug_line    0x0000000000000000      0x119 C:/Program Files/Microchip/MPLABX/v5.50/packs/Microchip/ATmega_DFP/2.3.126/xc8/avr/lib/avr5/memx-const/crtatmega32a.o
 .debug_line    0x0000000000000119      0x228 build/default/production/lcd_control_main.o
 .debug_line    0x0000000000000341      0x569 build/default/production/atemga32a.o
 .debug_line    0x00000000000008aa      0x54a build/default/production/interfacing_connection_logic.o
 .debug_line    0x0000000000000df4      0x172 build/default/production/adc_interfacing.o

.debug_frame    0x0000000000000000      0x320
 *(.debug_frame)
 .debug_frame   0x0000000000000000       0x8c build/default/production/lcd_control_main.o
 .debug_frame   0x000000000000008c       0xa4 build/default/production/atemga32a.o
 .debug_frame   0x0000000000000130      0x17c build/default/production/interfacing_connection_logic.o
 .debug_frame   0x00000000000002ac       0x74 build/default/production/adc_interfacing.o

.debug_str      0x0000000000000000      0x37f
 *(.debug_str)
 .debug_str     0x0000000000000000      0x196 C:/Program Files/Microchip/MPLABX/v5.50/packs/Microchip/ATmega_DFP/2.3.126/xc8/avr/lib/avr5/memx-const/crtatmega32a.o
 .debug_str     0x0000000000000196       0xd6 build/default/production/lcd_control_main.o
 .debug_str     0x000000000000026c       0x7e build/default/production/atemga32a.o
 .debug_str     0x00000000000002ea       0x95 build/default/production/interfacing_connection_logic.o
 .debug_str     0x000000000000037f        0x0 build/default/production/adc_interfacing.o

.debug_loc      0x0000000000000000     0x1272
 *(.debug_loc)
 .debug_loc     0x0000000000000000      0x168 build/default/production/lcd_control_main.o
 .debug_loc     0x0000000000000168      0xab6 build/default/production/atemga32a.o
 .debug_loc     0x0000000000000c1e      0x587 build/default/production/interfacing_connection_logic.o
 .debug_loc     0x00000000000011a5       0xcd build/default/production/adc_interfacing.o

.debug_macinfo
 *(.debug_macinfo)

.debug_weaknames
 *(.debug_weaknames)

.debug_funcnames
 *(.debug_funcnames)

.debug_typenames
 *(.debug_typenames)

.debug_varnames
 *(.debug_varnames)

.debug_pubtypes
 *(.debug_pubtypes)

.debug_ranges   0x0000000000000000      0x128
 *(.debug_ranges)
 .debug_ranges  0x0000000000000000       0x18 build/default/production/lcd_control_main.o
 .debug_ranges  0x0000000000000018       0x50 build/default/production/atemga32a.o
 .debug_ranges  0x0000000000000068       0x90 build/default/production/interfacing_connection_logic.o
 .debug_ranges  0x00000000000000f8       0x30 build/default/production/adc_interfacing.o

.debug_macro
 *(.debug_macro)
OUTPUT(dist/default/production/lcd_2x16_interfacing.production.elf elf32-avr)
LOAD linker stubs
LOAD data_init

.note.gnu.avr.deviceinfo
                0x0000000000000000       0x3c
 .note.gnu.avr.deviceinfo
                0x0000000000000000       0x3c C:/Program Files/Microchip/MPLABX/v5.50/packs/Microchip/ATmega_DFP/2.3.126/xc8/avr/lib/avr5/memx-const/crtatmega32a.o

.progmemx.data  0x00000000000000ae       0x2a
 .progmemx.data
                0x00000000000000ae       0x2a build/default/production/lcd_control_main.o

.text.writeControlSignalOnPortPin
                0x00000000000000d8      0x1d8
 .text.writeControlSignalOnPortPin
                0x00000000000000d8      0x1d8 build/default/production/atemga32a.o
                0x00000000000000d8                writeControlSignalOnPortPin

.text.main      0x00000000000002b0      0x11e
 .text.main     0x00000000000002b0      0x11e build/default/production/lcd_control_main.o
                0x00000000000002b0                main

.text.programPortPinInOut
                0x00000000000003ce      0x112
 .text.programPortPinInOut
                0x00000000000003ce      0x112 build/default/production/atemga32a.o
                0x00000000000003ce                programPortPinInOut

.text.__vector_16
                0x00000000000004e0       0xa4
 .text.__vector_16
                0x00000000000004e0       0xa4 build/default/production/lcd_control_main.o
                0x00000000000004e0                __vector_16

.text.initLCD   0x0000000000000584       0xa2
 .text.initLCD  0x0000000000000584       0xa2 build/default/production/interfacing_connection_logic.o
                0x0000000000000584                initLCD

.text.commandLCD
                0x0000000000000626       0x70
 .text.commandLCD
                0x0000000000000626       0x70 build/default/production/interfacing_connection_logic.o
                0x0000000000000626                commandLCD

.text.displayCharacterOnLCD
                0x0000000000000696       0x70
 .text.displayCharacterOnLCD
                0x0000000000000696       0x70 build/default/production/interfacing_connection_logic.o
                0x0000000000000696                displayCharacterOnLCD

.text.displayStringOnLCD
                0x0000000000000706       0x6e
 .text.displayStringOnLCD
                0x0000000000000706       0x6e build/default/production/interfacing_connection_logic.o
                0x0000000000000706                displayStringOnLCD

.text.displayINTOnLCD
                0x0000000000000774       0x4c
 .text.displayINTOnLCD
                0x0000000000000774       0x4c build/default/production/interfacing_connection_logic.o
                0x0000000000000774                displayINTOnLCD

.text.onConversionComplete
                0x00000000000007c0       0x38
 .text.onConversionComplete
                0x00000000000007c0       0x38 build/default/production/adc_interfacing.o
                0x00000000000007c0                onConversionComplete

.text.avrlibc   0x00000000000007f8       0x34
 .text.avrlibc  0x00000000000007f8       0x34 c:/program files/microchip/xc8/v2.32/avr/bin/../lib/gcc/avr/5.4.0/../../../../avr/lib/avr5/memx-const\libc.a(utoa_ncheck.o)
                0x00000000000007f8                __utoa_ncheck
                0x00000000000007fa                __utoa_common

.text.moveCursorToLocation
                0x000000000000082c       0x2e
 .text.moveCursorToLocation
                0x000000000000082c       0x2e build/default/production/interfacing_connection_logic.o
                0x000000000000082c                moveCursorToLocation

.text.configureLCDDataBusLines
                0x000000000000085a       0x22
 .text.configureLCDDataBusLines
                0x000000000000085a       0x22 build/default/production/interfacing_connection_logic.o
                0x000000000000085a                configureLCDDataBusLines

.text.avrlibc   0x000000000000087c       0x20
 .text.avrlibc  0x000000000000087c       0x20 c:/program files/microchip/xc8/v2.32/avr/bin/../lib/gcc/avr/5.4.0/../../../../avr/lib/avr5/memx-const\libc.a(strrev.o)
                0x000000000000087c                strrev

.text.generateLCDEnableControlPuls
                0x000000000000089c       0x1e
 .text.generateLCDEnableControlPuls
                0x000000000000089c       0x1e build/default/production/interfacing_connection_logic.o
                0x000000000000089c                generateLCDEnableControlPuls

.text.configureLCDControlPins
                0x00000000000008ba       0x1a
 .text.configureLCDControlPins
                0x00000000000008ba       0x1a build/default/production/interfacing_connection_logic.o
                0x00000000000008ba                configureLCDControlPins

.text.onConversionCompleteUsingPollingSpeedy
                0x00000000000008d4       0x1a
 .text.onConversionCompleteUsingPollingSpeedy
                0x00000000000008d4       0x1a build/default/production/adc_interfacing.o
                0x00000000000008d4                onConversionCompleteUsingPollingSpeedy

.text.libgcc    0x00000000000008ee       0x1a
 .text.libgcc   0x00000000000008ee       0x1a c:/program files/microchip/xc8/v2.32/avr/bin/../lib/gcc/avr/5.4.0/avr5/memx-const\libgcc.a(_movmemx.o)
                0x00000000000008ee                __movmemx_qi
                0x00000000000008f0                __movmemx_hi

.text.initBTN   0x0000000000000908       0x18
 .text.initBTN  0x0000000000000908       0x18 build/default/production/interfacing_connection_logic.o
                0x0000000000000908                initBTN

.text.avrlibc   0x0000000000000920       0x16
 .text.avrlibc  0x0000000000000920       0x16 c:/program files/microchip/xc8/v2.32/avr/bin/../lib/gcc/avr/5.4.0/../../../../avr/lib/avr5/memx-const\libc.a(itoa_ncheck.o)
                0x0000000000000920                __itoa_ncheck

.text.initLED   0x0000000000000936       0x14
 .text.initLED  0x0000000000000936       0x14 build/default/production/interfacing_connection_logic.o
                0x0000000000000936                initLED

.text.initLEDS  0x000000000000094a       0x14
 .text.initLEDS
                0x000000000000094a       0x14 build/default/production/interfacing_connection_logic.o
                0x000000000000094a                initLEDS

.text.initBTNS  0x000000000000095e       0x14
 .text.initBTNS
                0x000000000000095e       0x14 build/default/production/interfacing_connection_logic.o
                0x000000000000095e                initBTNS

.text.onInitADC
                0x0000000000000972       0x14
 .text.onInitADC
                0x0000000000000972       0x14 build/default/production/adc_interfacing.o
                0x0000000000000972                onInitADC

.text.onStartConversion
                0x0000000000000986       0x14
 .text.onStartConversion
                0x0000000000000986       0x14 build/default/production/adc_interfacing.o
                0x0000000000000986                onStartConversion

.text.turnLEDOnOff
                0x000000000000099a       0x12
 .text.turnLEDOnOff
                0x000000000000099a       0x12 build/default/production/interfacing_connection_logic.o
                0x000000000000099a                turnLEDOnOff

.text           0x00000000000009ac        0x4
 .text          0x00000000000009ac        0x4 C:/Program Files/Microchip/MPLABX/v5.50/packs/Microchip/ATmega_DFP/2.3.126/xc8/avr/lib/avr5/memx-const/crtatmega32a.o
                0x00000000000009ac                __vector_1
                0x00000000000009ac                __vector_12
                0x00000000000009ac                __bad_interrupt
                0x00000000000009ac                __vector_6
                0x00000000000009ac                __vector_3
                0x00000000000009ac                __vector_11
                0x00000000000009ac                __vector_13
                0x00000000000009ac                __vector_17
                0x00000000000009ac                __vector_19
                0x00000000000009ac                __vector_7
                0x00000000000009ac                __vector_5
                0x00000000000009ac                __vector_4
                0x00000000000009ac                __vector_9
                0x00000000000009ac                __vector_2
                0x00000000000009ac                __vector_15
                0x00000000000009ac                __vector_8
                0x00000000000009ac                __vector_14
                0x00000000000009ac                __vector_10
                0x00000000000009ac                __vector_18
                0x00000000000009ac                __vector_20
