Archive member included to satisfy reference by file (symbol)

c:/program files/microchip/xc8/v2.32/avr/bin/../lib/gcc/avr/5.4.0/../../../../avr/lib/avr5/memx-const\libm.a(fixsfsi.o)
                              build/default/production/lcd_control_main.o (__fixsfsi)
c:/program files/microchip/xc8/v2.32/avr/bin/../lib/gcc/avr/5.4.0/../../../../avr/lib/avr5/memx-const\libm.a(fixunssfsi.o)
                              c:/program files/microchip/xc8/v2.32/avr/bin/../lib/gcc/avr/5.4.0/../../../../avr/lib/avr5/memx-const\libm.a(fixsfsi.o) (__fixunssfsi)
c:/program files/microchip/xc8/v2.32/avr/bin/../lib/gcc/avr/5.4.0/../../../../avr/lib/avr5/memx-const\libm.a(floatsisf.o)
                              build/default/production/lcd_control_main.o (__floatsisf)
c:/program files/microchip/xc8/v2.32/avr/bin/../lib/gcc/avr/5.4.0/../../../../avr/lib/avr5/memx-const\libm.a(fp_split3.o)
                              c:/program files/microchip/xc8/v2.32/avr/bin/../lib/gcc/avr/5.4.0/../../../../avr/lib/avr5/memx-const\libm.a(fixunssfsi.o) (__fp_splitA)
c:/program files/microchip/xc8/v2.32/avr/bin/../lib/gcc/avr/5.4.0/../../../../avr/lib/avr5/memx-const\libm.a(fp_zero.o)
                              c:/program files/microchip/xc8/v2.32/avr/bin/../lib/gcc/avr/5.4.0/../../../../avr/lib/avr5/memx-const\libm.a(fixunssfsi.o) (__fp_zero)
c:/program files/microchip/xc8/v2.32/avr/bin/../lib/gcc/avr/5.4.0/../../../../avr/lib/avr5/memx-const\libm.a(mulsf3.o)
                              build/default/production/lcd_control_main.o (__mulsf3)
c:/program files/microchip/xc8/v2.32/avr/bin/../lib/gcc/avr/5.4.0/../../../../avr/lib/avr5/memx-const\libm.a(mulsf3x.o)
                              c:/program files/microchip/xc8/v2.32/avr/bin/../lib/gcc/avr/5.4.0/../../../../avr/lib/avr5/memx-const\libm.a(mulsf3.o) (__mulsf3x)
c:/program files/microchip/xc8/v2.32/avr/bin/../lib/gcc/avr/5.4.0/../../../../avr/lib/avr5/memx-const\libm.a(fp_inf.o)
                              c:/program files/microchip/xc8/v2.32/avr/bin/../lib/gcc/avr/5.4.0/../../../../avr/lib/avr5/memx-const\libm.a(mulsf3x.o) (__fp_inf)
c:/program files/microchip/xc8/v2.32/avr/bin/../lib/gcc/avr/5.4.0/../../../../avr/lib/avr5/memx-const\libm.a(fp_nan.o)
                              c:/program files/microchip/xc8/v2.32/avr/bin/../lib/gcc/avr/5.4.0/../../../../avr/lib/avr5/memx-const\libm.a(mulsf3x.o) (__fp_nan)
c:/program files/microchip/xc8/v2.32/avr/bin/../lib/gcc/avr/5.4.0/../../../../avr/lib/avr5/memx-const\libm.a(fp_pscA.o)
                              c:/program files/microchip/xc8/v2.32/avr/bin/../lib/gcc/avr/5.4.0/../../../../avr/lib/avr5/memx-const\libm.a(mulsf3x.o) (__fp_pscA)
c:/program files/microchip/xc8/v2.32/avr/bin/../lib/gcc/avr/5.4.0/../../../../avr/lib/avr5/memx-const\libm.a(fp_pscB.o)
                              c:/program files/microchip/xc8/v2.32/avr/bin/../lib/gcc/avr/5.4.0/../../../../avr/lib/avr5/memx-const\libm.a(mulsf3x.o) (__fp_pscB)
c:/program files/microchip/xc8/v2.32/avr/bin/../lib/gcc/avr/5.4.0/../../../../avr/lib/avr5/memx-const\libm.a(fp_round.o)
                              c:/program files/microchip/xc8/v2.32/avr/bin/../lib/gcc/avr/5.4.0/../../../../avr/lib/avr5/memx-const\libm.a(mulsf3.o) (__fp_round)
c:/program files/microchip/xc8/v2.32/avr/bin/../lib/gcc/avr/5.4.0/avr5/memx-const\libgcc.a(_exit.o)
                              C:/Program Files/Microchip/MPLABX/v5.50/packs/Microchip/ATmega_DFP/2.3.126/xc8/avr/lib/avr5/memx-const/crtatmega32a.o (exit)
c:/program files/microchip/xc8/v2.32/avr/bin/../lib/gcc/avr/5.4.0/avr5/memx-const\libgcc.a(_copy_data.o)
                              build/default/production/lcd_control_main.o (__do_copy_data)
c:/program files/microchip/xc8/v2.32/avr/bin/../lib/gcc/avr/5.4.0/avr5/memx-const\libgcc.a(_movmemx.o)
                              build/default/production/lcd_control_main.o (__movmemx_qi)
c:/program files/microchip/xc8/v2.32/avr/bin/../lib/gcc/avr/5.4.0/../../../../avr/lib/avr5/memx-const\libc.a(itoa_ncheck.o)
                              build/default/production/interfacing_connection_logic.o (__itoa_ncheck)
c:/program files/microchip/xc8/v2.32/avr/bin/../lib/gcc/avr/5.4.0/../../../../avr/lib/avr5/memx-const\libc.a(utoa_ncheck.o)
                              c:/program files/microchip/xc8/v2.32/avr/bin/../lib/gcc/avr/5.4.0/../../../../avr/lib/avr5/memx-const\libc.a(itoa_ncheck.o) (__utoa_common)
c:/program files/microchip/xc8/v2.32/avr/bin/../lib/gcc/avr/5.4.0/../../../../avr/lib/avr5/memx-const\libc.a(strrev.o)
                              c:/program files/microchip/xc8/v2.32/avr/bin/../lib/gcc/avr/5.4.0/../../../../avr/lib/avr5/memx-const\libc.a(utoa_ncheck.o) (strrev)

Allocating common symbols
Common symbol       size              file

fun_ret_status_and_data
                    0x2               build/default/production/atemga32a.o
lcd_string          0x20              build/default/production/lcd_control_main.o

Discarded input sections

 .data          0x0000000000000000        0x0 C:/Program Files/Microchip/MPLABX/v5.50/packs/Microchip/ATmega_DFP/2.3.126/xc8/avr/lib/avr5/memx-const/crtatmega32a.o
 .bss           0x0000000000000000        0x0 C:/Program Files/Microchip/MPLABX/v5.50/packs/Microchip/ATmega_DFP/2.3.126/xc8/avr/lib/avr5/memx-const/crtatmega32a.o
 .text          0x0000000000000000        0x0 build/default/production/lcd_control_main.o
 .data          0x0000000000000000        0x0 build/default/production/lcd_control_main.o
 .bss           0x0000000000000000        0x0 build/default/production/lcd_control_main.o
 .progmemx.data
                0x0000000000000000       0x31 build/default/production/lcd_control_main.o
 .text.mainInterfaceADCWithLM35TempDisplayOnLCD
                0x0000000000000000      0x124 build/default/production/lcd_control_main.o
 .text.mainInterfaceADCWithLM35TempDisplayOnLCDPollingTechique
                0x0000000000000000       0xd0 build/default/production/lcd_control_main.o
 .text.main8LM35On8ChannelsDispalyTemp
                0x0000000000000000       0xdc build/default/production/lcd_control_main.o
 .text.mainInterfacingWithKeyPad
                0x0000000000000000       0x48 build/default/production/lcd_control_main.o
 .text.mainIdonotKnowWhatThisCodeFor
                0x0000000000000000      0x10a build/default/production/lcd_control_main.o
 .text.mainVisitAllLCDCursorPositions
                0x0000000000000000       0xbe build/default/production/lcd_control_main.o
 .text.mainTest2LinesLCDToggling
                0x0000000000000000       0x54 build/default/production/lcd_control_main.o
 .text          0x0000000000000000        0x0 build/default/production/atemga32a.o
 .data          0x0000000000000000        0x0 build/default/production/atemga32a.o
 .bss           0x0000000000000000        0x0 build/default/production/atemga32a.o
 .text.setPortInOut
                0x0000000000000000       0x58 build/default/production/atemga32a.o
 .text.setPortPinInOut
                0x0000000000000000       0x34 build/default/production/atemga32a.o
 .text.outControlSignalThroughPort
                0x0000000000000000       0x30 build/default/production/atemga32a.o
 .text.outControlSignalThroughPortPin
                0x0000000000000000       0x34 build/default/production/atemga32a.o
 .text.scanControlSignalThroughPort
                0x0000000000000000       0x48 build/default/production/atemga32a.o
 .text.scanControlSignalThroughPortPin
                0x0000000000000000       0x94 build/default/production/atemga32a.o
 .text          0x0000000000000000        0x0 build/default/production/interfacing_connection_logic.o
 .data          0x0000000000000000        0x0 build/default/production/interfacing_connection_logic.o
 .bss           0x0000000000000000        0x0 build/default/production/interfacing_connection_logic.o
 .text.initBTN  0x0000000000000000       0x18 build/default/production/interfacing_connection_logic.o
 .text.initLEDS
                0x0000000000000000       0x14 build/default/production/interfacing_connection_logic.o
 .text.initBTNS
                0x0000000000000000       0x14 build/default/production/interfacing_connection_logic.o
 .text.isBTNPressed
                0x0000000000000000       0x1a build/default/production/interfacing_connection_logic.o
 .text.displayCharOrCommandLCD
                0x0000000000000000       0xae build/default/production/interfacing_connection_logic.o
 .text          0x0000000000000000        0x0 build/default/production/phone_keypad.o
 .data          0x0000000000000000        0x0 build/default/production/phone_keypad.o
 .bss           0x0000000000000000        0x0 build/default/production/phone_keypad.o
 .text.initKeypad
                0x0000000000000000       0x3a build/default/production/phone_keypad.o
 .text.dispalyKeyAsChar
                0x0000000000000000       0x2a build/default/production/phone_keypad.o
 .text.getPressedKey
                0x0000000000000000      0x102 build/default/production/phone_keypad.o
 .debug_info    0x0000000000000000      0x68a build/default/production/phone_keypad.o
 .debug_abbrev  0x0000000000000000      0x155 build/default/production/phone_keypad.o
 .debug_loc     0x0000000000000000      0x261 build/default/production/phone_keypad.o
 .debug_aranges
                0x0000000000000000       0x30 build/default/production/phone_keypad.o
 .debug_ranges  0x0000000000000000       0x50 build/default/production/phone_keypad.o
 .debug_line    0x0000000000000000      0x24d build/default/production/phone_keypad.o
 .debug_str     0x0000000000000000       0x7f build/default/production/phone_keypad.o
 .comment       0x0000000000000000       0x30 build/default/production/phone_keypad.o
 .debug_frame   0x0000000000000000       0x54 build/default/production/phone_keypad.o
 .text          0x0000000000000000        0x0 build/default/production/interrupt_configuration.o
 .data          0x0000000000000000        0x0 build/default/production/interrupt_configuration.o
 .bss           0x0000000000000000        0x0 build/default/production/interrupt_configuration.o
 .text.initInterruptService
                0x0000000000000000       0x5c build/default/production/interrupt_configuration.o
 .debug_info    0x0000000000000000      0x340 build/default/production/interrupt_configuration.o
 .debug_abbrev  0x0000000000000000       0x8d build/default/production/interrupt_configuration.o
 .debug_loc     0x0000000000000000       0xa6 build/default/production/interrupt_configuration.o
 .debug_aranges
                0x0000000000000000       0x20 build/default/production/interrupt_configuration.o
 .debug_ranges  0x0000000000000000       0x10 build/default/production/interrupt_configuration.o
 .debug_line    0x0000000000000000       0xfa build/default/production/interrupt_configuration.o
 .debug_str     0x0000000000000000       0x12 build/default/production/interrupt_configuration.o
 .comment       0x0000000000000000       0x30 build/default/production/interrupt_configuration.o
 .debug_frame   0x0000000000000000       0x24 build/default/production/interrupt_configuration.o
 .text          0x0000000000000000        0x0 build/default/production/adc_interfacing.o
 .data          0x0000000000000000        0x0 build/default/production/adc_interfacing.o
 .bss           0x0000000000000000        0x0 build/default/production/adc_interfacing.o
 .text.onInitADC
                0x0000000000000000       0x14 build/default/production/adc_interfacing.o
 .text.onConversionCompleteUsingPolling
                0x0000000000000000        0xa build/default/production/adc_interfacing.o
 .text.onConversionCompleteUsingPollingSpeedy
                0x0000000000000000       0x1a build/default/production/adc_interfacing.o
 .text          0x0000000000000000        0x0 build/default/production/timer0_interface.o
 .data          0x0000000000000000        0x0 build/default/production/timer0_interface.o
 .bss           0x0000000000000000        0x0 build/default/production/timer0_interface.o
 .text          0x0000000000000000        0x0 c:/program files/microchip/xc8/v2.32/avr/bin/../lib/gcc/avr/5.4.0/../../../../avr/lib/avr5/memx-const\libm.a(fixsfsi.o)
 .data          0x0000000000000000        0x0 c:/program files/microchip/xc8/v2.32/avr/bin/../lib/gcc/avr/5.4.0/../../../../avr/lib/avr5/memx-const\libm.a(fixsfsi.o)
 .bss           0x0000000000000000        0x0 c:/program files/microchip/xc8/v2.32/avr/bin/../lib/gcc/avr/5.4.0/../../../../avr/lib/avr5/memx-const\libm.a(fixsfsi.o)
 .text.avrlibc.fplib
                0x0000000000000000        0xe c:/program files/microchip/xc8/v2.32/avr/bin/../lib/gcc/avr/5.4.0/../../../../avr/lib/avr5/memx-const\libm.a(fixsfsi.o)
 .stack.descriptors.hdr
                0x0000000000000000        0xe c:/program files/microchip/xc8/v2.32/avr/bin/../lib/gcc/avr/5.4.0/../../../../avr/lib/avr5/memx-const\libm.a(fixsfsi.o)
 .stack.descriptors
                0x0000000000000000       0x17 c:/program files/microchip/xc8/v2.32/avr/bin/../lib/gcc/avr/5.4.0/../../../../avr/lib/avr5/memx-const\libm.a(fixsfsi.o)
 .text          0x0000000000000000        0x0 c:/program files/microchip/xc8/v2.32/avr/bin/../lib/gcc/avr/5.4.0/../../../../avr/lib/avr5/memx-const\libm.a(fixunssfsi.o)
 .data          0x0000000000000000        0x0 c:/program files/microchip/xc8/v2.32/avr/bin/../lib/gcc/avr/5.4.0/../../../../avr/lib/avr5/memx-const\libm.a(fixunssfsi.o)
 .bss           0x0000000000000000        0x0 c:/program files/microchip/xc8/v2.32/avr/bin/../lib/gcc/avr/5.4.0/../../../../avr/lib/avr5/memx-const\libm.a(fixunssfsi.o)
 .text.avrlibc.fplib
                0x0000000000000000       0x5e c:/program files/microchip/xc8/v2.32/avr/bin/../lib/gcc/avr/5.4.0/../../../../avr/lib/avr5/memx-const\libm.a(fixunssfsi.o)
 .stack.descriptors.hdr
                0x0000000000000000        0xe c:/program files/microchip/xc8/v2.32/avr/bin/../lib/gcc/avr/5.4.0/../../../../avr/lib/avr5/memx-const\libm.a(fixunssfsi.o)
 .stack.descriptors
                0x0000000000000000       0x1a c:/program files/microchip/xc8/v2.32/avr/bin/../lib/gcc/avr/5.4.0/../../../../avr/lib/avr5/memx-const\libm.a(fixunssfsi.o)
 .text          0x0000000000000000        0x0 c:/program files/microchip/xc8/v2.32/avr/bin/../lib/gcc/avr/5.4.0/../../../../avr/lib/avr5/memx-const\libm.a(floatsisf.o)
 .data          0x0000000000000000        0x0 c:/program files/microchip/xc8/v2.32/avr/bin/../lib/gcc/avr/5.4.0/../../../../avr/lib/avr5/memx-const\libm.a(floatsisf.o)
 .bss           0x0000000000000000        0x0 c:/program files/microchip/xc8/v2.32/avr/bin/../lib/gcc/avr/5.4.0/../../../../avr/lib/avr5/memx-const\libm.a(floatsisf.o)
 .text.avrlibc.fplib
                0x0000000000000000       0x7a c:/program files/microchip/xc8/v2.32/avr/bin/../lib/gcc/avr/5.4.0/../../../../avr/lib/avr5/memx-const\libm.a(floatsisf.o)
 .stack.descriptors.hdr
                0x0000000000000000        0xe c:/program files/microchip/xc8/v2.32/avr/bin/../lib/gcc/avr/5.4.0/../../../../avr/lib/avr5/memx-const\libm.a(floatsisf.o)
 .stack.descriptors
                0x0000000000000000       0x34 c:/program files/microchip/xc8/v2.32/avr/bin/../lib/gcc/avr/5.4.0/../../../../avr/lib/avr5/memx-const\libm.a(floatsisf.o)
 .text          0x0000000000000000        0x0 c:/program files/microchip/xc8/v2.32/avr/bin/../lib/gcc/avr/5.4.0/../../../../avr/lib/avr5/memx-const\libm.a(fp_split3.o)
 .data          0x0000000000000000        0x0 c:/program files/microchip/xc8/v2.32/avr/bin/../lib/gcc/avr/5.4.0/../../../../avr/lib/avr5/memx-const\libm.a(fp_split3.o)
 .bss           0x0000000000000000        0x0 c:/program files/microchip/xc8/v2.32/avr/bin/../lib/gcc/avr/5.4.0/../../../../avr/lib/avr5/memx-const\libm.a(fp_split3.o)
 .text.avrlibc.fplib
                0x0000000000000000       0x44 c:/program files/microchip/xc8/v2.32/avr/bin/../lib/gcc/avr/5.4.0/../../../../avr/lib/avr5/memx-const\libm.a(fp_split3.o)
 .stack.descriptors.hdr
                0x0000000000000000        0xe c:/program files/microchip/xc8/v2.32/avr/bin/../lib/gcc/avr/5.4.0/../../../../avr/lib/avr5/memx-const\libm.a(fp_split3.o)
 .stack.descriptors
                0x0000000000000000       0x32 c:/program files/microchip/xc8/v2.32/avr/bin/../lib/gcc/avr/5.4.0/../../../../avr/lib/avr5/memx-const\libm.a(fp_split3.o)
 .text          0x0000000000000000        0x0 c:/program files/microchip/xc8/v2.32/avr/bin/../lib/gcc/avr/5.4.0/../../../../avr/lib/avr5/memx-const\libm.a(fp_zero.o)
 .data          0x0000000000000000        0x0 c:/program files/microchip/xc8/v2.32/avr/bin/../lib/gcc/avr/5.4.0/../../../../avr/lib/avr5/memx-const\libm.a(fp_zero.o)
 .bss           0x0000000000000000        0x0 c:/program files/microchip/xc8/v2.32/avr/bin/../lib/gcc/avr/5.4.0/../../../../avr/lib/avr5/memx-const\libm.a(fp_zero.o)
 .text.avrlibc.fplib
                0x0000000000000000        0xe c:/program files/microchip/xc8/v2.32/avr/bin/../lib/gcc/avr/5.4.0/../../../../avr/lib/avr5/memx-const\libm.a(fp_zero.o)
 .stack.descriptors.hdr
                0x0000000000000000        0xe c:/program files/microchip/xc8/v2.32/avr/bin/../lib/gcc/avr/5.4.0/../../../../avr/lib/avr5/memx-const\libm.a(fp_zero.o)
 .stack.descriptors
                0x0000000000000000       0x2f c:/program files/microchip/xc8/v2.32/avr/bin/../lib/gcc/avr/5.4.0/../../../../avr/lib/avr5/memx-const\libm.a(fp_zero.o)
 .text          0x0000000000000000        0x0 c:/program files/microchip/xc8/v2.32/avr/bin/../lib/gcc/avr/5.4.0/../../../../avr/lib/avr5/memx-const\libm.a(mulsf3.o)
 .data          0x0000000000000000        0x0 c:/program files/microchip/xc8/v2.32/avr/bin/../lib/gcc/avr/5.4.0/../../../../avr/lib/avr5/memx-const\libm.a(mulsf3.o)
 .bss           0x0000000000000000        0x0 c:/program files/microchip/xc8/v2.32/avr/bin/../lib/gcc/avr/5.4.0/../../../../avr/lib/avr5/memx-const\libm.a(mulsf3.o)
 .text.avrlibc.fplib
                0x0000000000000000        0x8 c:/program files/microchip/xc8/v2.32/avr/bin/../lib/gcc/avr/5.4.0/../../../../avr/lib/avr5/memx-const\libm.a(mulsf3.o)
 .stack.descriptors.hdr
                0x0000000000000000        0xe c:/program files/microchip/xc8/v2.32/avr/bin/../lib/gcc/avr/5.4.0/../../../../avr/lib/avr5/memx-const\libm.a(mulsf3.o)
 .stack.descriptors
                0x0000000000000000       0x16 c:/program files/microchip/xc8/v2.32/avr/bin/../lib/gcc/avr/5.4.0/../../../../avr/lib/avr5/memx-const\libm.a(mulsf3.o)
 .text          0x0000000000000000        0x0 c:/program files/microchip/xc8/v2.32/avr/bin/../lib/gcc/avr/5.4.0/../../../../avr/lib/avr5/memx-const\libm.a(mulsf3x.o)
 .data          0x0000000000000000        0x0 c:/program files/microchip/xc8/v2.32/avr/bin/../lib/gcc/avr/5.4.0/../../../../avr/lib/avr5/memx-const\libm.a(mulsf3x.o)
 .bss           0x0000000000000000        0x0 c:/program files/microchip/xc8/v2.32/avr/bin/../lib/gcc/avr/5.4.0/../../../../avr/lib/avr5/memx-const\libm.a(mulsf3x.o)
 .text.avrlibc.fplib
                0x0000000000000000       0xd4 c:/program files/microchip/xc8/v2.32/avr/bin/../lib/gcc/avr/5.4.0/../../../../avr/lib/avr5/memx-const\libm.a(mulsf3x.o)
 .stack.descriptors.hdr
                0x0000000000000000        0xe c:/program files/microchip/xc8/v2.32/avr/bin/../lib/gcc/avr/5.4.0/../../../../avr/lib/avr5/memx-const\libm.a(mulsf3x.o)
 .stack.descriptors
                0x0000000000000000       0x31 c:/program files/microchip/xc8/v2.32/avr/bin/../lib/gcc/avr/5.4.0/../../../../avr/lib/avr5/memx-const\libm.a(mulsf3x.o)
 .text          0x0000000000000000        0x0 c:/program files/microchip/xc8/v2.32/avr/bin/../lib/gcc/avr/5.4.0/../../../../avr/lib/avr5/memx-const\libm.a(fp_inf.o)
 .data          0x0000000000000000        0x0 c:/program files/microchip/xc8/v2.32/avr/bin/../lib/gcc/avr/5.4.0/../../../../avr/lib/avr5/memx-const\libm.a(fp_inf.o)
 .bss           0x0000000000000000        0x0 c:/program files/microchip/xc8/v2.32/avr/bin/../lib/gcc/avr/5.4.0/../../../../avr/lib/avr5/memx-const\libm.a(fp_inf.o)
 .text.avrlibc.fplib
                0x0000000000000000        0xc c:/program files/microchip/xc8/v2.32/avr/bin/../lib/gcc/avr/5.4.0/../../../../avr/lib/avr5/memx-const\libm.a(fp_inf.o)
 .stack.descriptors.hdr
                0x0000000000000000        0xe c:/program files/microchip/xc8/v2.32/avr/bin/../lib/gcc/avr/5.4.0/../../../../avr/lib/avr5/memx-const\libm.a(fp_inf.o)
 .stack.descriptors
                0x0000000000000000       0x16 c:/program files/microchip/xc8/v2.32/avr/bin/../lib/gcc/avr/5.4.0/../../../../avr/lib/avr5/memx-const\libm.a(fp_inf.o)
 .text          0x0000000000000000        0x0 c:/program files/microchip/xc8/v2.32/avr/bin/../lib/gcc/avr/5.4.0/../../../../avr/lib/avr5/memx-const\libm.a(fp_nan.o)
 .data          0x0000000000000000        0x0 c:/program files/microchip/xc8/v2.32/avr/bin/../lib/gcc/avr/5.4.0/../../../../avr/lib/avr5/memx-const\libm.a(fp_nan.o)
 .bss           0x0000000000000000        0x0 c:/program files/microchip/xc8/v2.32/avr/bin/../lib/gcc/avr/5.4.0/../../../../avr/lib/avr5/memx-const\libm.a(fp_nan.o)
 .text.avrlibc.fplib
                0x0000000000000000        0x6 c:/program files/microchip/xc8/v2.32/avr/bin/../lib/gcc/avr/5.4.0/../../../../avr/lib/avr5/memx-const\libm.a(fp_nan.o)
 .stack.descriptors.hdr
                0x0000000000000000        0xe c:/program files/microchip/xc8/v2.32/avr/bin/../lib/gcc/avr/5.4.0/../../../../avr/lib/avr5/memx-const\libm.a(fp_nan.o)
 .stack.descriptors
                0x0000000000000000       0x16 c:/program files/microchip/xc8/v2.32/avr/bin/../lib/gcc/avr/5.4.0/../../../../avr/lib/avr5/memx-const\libm.a(fp_nan.o)
 .text          0x0000000000000000        0x0 c:/program files/microchip/xc8/v2.32/avr/bin/../lib/gcc/avr/5.4.0/../../../../avr/lib/avr5/memx-const\libm.a(fp_pscA.o)
 .data          0x0000000000000000        0x0 c:/program files/microchip/xc8/v2.32/avr/bin/../lib/gcc/avr/5.4.0/../../../../avr/lib/avr5/memx-const\libm.a(fp_pscA.o)
 .bss           0x0000000000000000        0x0 c:/program files/microchip/xc8/v2.32/avr/bin/../lib/gcc/avr/5.4.0/../../../../avr/lib/avr5/memx-const\libm.a(fp_pscA.o)
 .text.avrlibc.fplib
                0x0000000000000000        0xe c:/program files/microchip/xc8/v2.32/avr/bin/../lib/gcc/avr/5.4.0/../../../../avr/lib/avr5/memx-const\libm.a(fp_pscA.o)
 .stack.descriptors.hdr
                0x0000000000000000        0xe c:/program files/microchip/xc8/v2.32/avr/bin/../lib/gcc/avr/5.4.0/../../../../avr/lib/avr5/memx-const\libm.a(fp_pscA.o)
 .stack.descriptors
                0x0000000000000000       0x17 c:/program files/microchip/xc8/v2.32/avr/bin/../lib/gcc/avr/5.4.0/../../../../avr/lib/avr5/memx-const\libm.a(fp_pscA.o)
 .text          0x0000000000000000        0x0 c:/program files/microchip/xc8/v2.32/avr/bin/../lib/gcc/avr/5.4.0/../../../../avr/lib/avr5/memx-const\libm.a(fp_pscB.o)
 .data          0x0000000000000000        0x0 c:/program files/microchip/xc8/v2.32/avr/bin/../lib/gcc/avr/5.4.0/../../../../avr/lib/avr5/memx-const\libm.a(fp_pscB.o)
 .bss           0x0000000000000000        0x0 c:/program files/microchip/xc8/v2.32/avr/bin/../lib/gcc/avr/5.4.0/../../../../avr/lib/avr5/memx-const\libm.a(fp_pscB.o)
 .text.avrlibc.fplib
                0x0000000000000000        0xe c:/program files/microchip/xc8/v2.32/avr/bin/../lib/gcc/avr/5.4.0/../../../../avr/lib/avr5/memx-const\libm.a(fp_pscB.o)
 .stack.descriptors.hdr
                0x0000000000000000        0xe c:/program files/microchip/xc8/v2.32/avr/bin/../lib/gcc/avr/5.4.0/../../../../avr/lib/avr5/memx-const\libm.a(fp_pscB.o)
 .stack.descriptors
                0x0000000000000000       0x17 c:/program files/microchip/xc8/v2.32/avr/bin/../lib/gcc/avr/5.4.0/../../../../avr/lib/avr5/memx-const\libm.a(fp_pscB.o)
 .text          0x0000000000000000        0x0 c:/program files/microchip/xc8/v2.32/avr/bin/../lib/gcc/avr/5.4.0/../../../../avr/lib/avr5/memx-const\libm.a(fp_round.o)
 .data          0x0000000000000000        0x0 c:/program files/microchip/xc8/v2.32/avr/bin/../lib/gcc/avr/5.4.0/../../../../avr/lib/avr5/memx-const\libm.a(fp_round.o)
 .bss           0x0000000000000000        0x0 c:/program files/microchip/xc8/v2.32/avr/bin/../lib/gcc/avr/5.4.0/../../../../avr/lib/avr5/memx-const\libm.a(fp_round.o)
 .text.avrlibc.fplib
                0x0000000000000000       0x22 c:/program files/microchip/xc8/v2.32/avr/bin/../lib/gcc/avr/5.4.0/../../../../avr/lib/avr5/memx-const\libm.a(fp_round.o)
 .stack.descriptors.hdr
                0x0000000000000000        0xe c:/program files/microchip/xc8/v2.32/avr/bin/../lib/gcc/avr/5.4.0/../../../../avr/lib/avr5/memx-const\libm.a(fp_round.o)
 .stack.descriptors
                0x0000000000000000       0x18 c:/program files/microchip/xc8/v2.32/avr/bin/../lib/gcc/avr/5.4.0/../../../../avr/lib/avr5/memx-const\libm.a(fp_round.o)
 .text          0x0000000000000000        0x0 c:/program files/microchip/xc8/v2.32/avr/bin/../lib/gcc/avr/5.4.0/avr5/memx-const\libgcc.a(_exit.o)
 .data          0x0000000000000000        0x0 c:/program files/microchip/xc8/v2.32/avr/bin/../lib/gcc/avr/5.4.0/avr5/memx-const\libgcc.a(_exit.o)
 .bss           0x0000000000000000        0x0 c:/program files/microchip/xc8/v2.32/avr/bin/../lib/gcc/avr/5.4.0/avr5/memx-const\libgcc.a(_exit.o)
 .text.libgcc.mul
                0x0000000000000000        0x0 c:/program files/microchip/xc8/v2.32/avr/bin/../lib/gcc/avr/5.4.0/avr5/memx-const\libgcc.a(_exit.o)
 .text.libgcc.div
                0x0000000000000000        0x0 c:/program files/microchip/xc8/v2.32/avr/bin/../lib/gcc/avr/5.4.0/avr5/memx-const\libgcc.a(_exit.o)
 .text.libgcc   0x0000000000000000        0x0 c:/program files/microchip/xc8/v2.32/avr/bin/../lib/gcc/avr/5.4.0/avr5/memx-const\libgcc.a(_exit.o)
 .text.libgcc.prologue
                0x0000000000000000        0x0 c:/program files/microchip/xc8/v2.32/avr/bin/../lib/gcc/avr/5.4.0/avr5/memx-const\libgcc.a(_exit.o)
 .stack.descriptors
                0x0000000000000000       0x13 c:/program files/microchip/xc8/v2.32/avr/bin/../lib/gcc/avr/5.4.0/avr5/memx-const\libgcc.a(_exit.o)
 .text.libgcc.builtins
                0x0000000000000000        0x0 c:/program files/microchip/xc8/v2.32/avr/bin/../lib/gcc/avr/5.4.0/avr5/memx-const\libgcc.a(_exit.o)
 .text.libgcc.fmul
                0x0000000000000000        0x0 c:/program files/microchip/xc8/v2.32/avr/bin/../lib/gcc/avr/5.4.0/avr5/memx-const\libgcc.a(_exit.o)
 .text.libgcc.fixed
                0x0000000000000000        0x0 c:/program files/microchip/xc8/v2.32/avr/bin/../lib/gcc/avr/5.4.0/avr5/memx-const\libgcc.a(_exit.o)
 .text          0x0000000000000000        0x0 c:/program files/microchip/xc8/v2.32/avr/bin/../lib/gcc/avr/5.4.0/avr5/memx-const\libgcc.a(_copy_data.o)
 .data          0x0000000000000000        0x0 c:/program files/microchip/xc8/v2.32/avr/bin/../lib/gcc/avr/5.4.0/avr5/memx-const\libgcc.a(_copy_data.o)
 .bss           0x0000000000000000        0x0 c:/program files/microchip/xc8/v2.32/avr/bin/../lib/gcc/avr/5.4.0/avr5/memx-const\libgcc.a(_copy_data.o)
 .text.libgcc.mul
                0x0000000000000000        0x0 c:/program files/microchip/xc8/v2.32/avr/bin/../lib/gcc/avr/5.4.0/avr5/memx-const\libgcc.a(_copy_data.o)
 .text.libgcc.div
                0x0000000000000000        0x0 c:/program files/microchip/xc8/v2.32/avr/bin/../lib/gcc/avr/5.4.0/avr5/memx-const\libgcc.a(_copy_data.o)
 .text.libgcc   0x0000000000000000        0x0 c:/program files/microchip/xc8/v2.32/avr/bin/../lib/gcc/avr/5.4.0/avr5/memx-const\libgcc.a(_copy_data.o)
 .text.libgcc.prologue
                0x0000000000000000        0x0 c:/program files/microchip/xc8/v2.32/avr/bin/../lib/gcc/avr/5.4.0/avr5/memx-const\libgcc.a(_copy_data.o)
 .text.libgcc.builtins
                0x0000000000000000        0x0 c:/program files/microchip/xc8/v2.32/avr/bin/../lib/gcc/avr/5.4.0/avr5/memx-const\libgcc.a(_copy_data.o)
 .text.libgcc.fmul
                0x0000000000000000        0x0 c:/program files/microchip/xc8/v2.32/avr/bin/../lib/gcc/avr/5.4.0/avr5/memx-const\libgcc.a(_copy_data.o)
 .text.libgcc.fixed
                0x0000000000000000        0x0 c:/program files/microchip/xc8/v2.32/avr/bin/../lib/gcc/avr/5.4.0/avr5/memx-const\libgcc.a(_copy_data.o)
 .text          0x0000000000000000        0x0 c:/program files/microchip/xc8/v2.32/avr/bin/../lib/gcc/avr/5.4.0/avr5/memx-const\libgcc.a(_movmemx.o)
 .data          0x0000000000000000        0x0 c:/program files/microchip/xc8/v2.32/avr/bin/../lib/gcc/avr/5.4.0/avr5/memx-const\libgcc.a(_movmemx.o)
 .bss           0x0000000000000000        0x0 c:/program files/microchip/xc8/v2.32/avr/bin/../lib/gcc/avr/5.4.0/avr5/memx-const\libgcc.a(_movmemx.o)
 .text.libgcc.mul
                0x0000000000000000        0x0 c:/program files/microchip/xc8/v2.32/avr/bin/../lib/gcc/avr/5.4.0/avr5/memx-const\libgcc.a(_movmemx.o)
 .text.libgcc.div
                0x0000000000000000        0x0 c:/program files/microchip/xc8/v2.32/avr/bin/../lib/gcc/avr/5.4.0/avr5/memx-const\libgcc.a(_movmemx.o)
 .text.libgcc   0x0000000000000000       0x1a c:/program files/microchip/xc8/v2.32/avr/bin/../lib/gcc/avr/5.4.0/avr5/memx-const\libgcc.a(_movmemx.o)
 .text.libgcc.prologue
                0x0000000000000000        0x0 c:/program files/microchip/xc8/v2.32/avr/bin/../lib/gcc/avr/5.4.0/avr5/memx-const\libgcc.a(_movmemx.o)
 .stack.descriptors.hdr
                0x0000000000000000        0xe c:/program files/microchip/xc8/v2.32/avr/bin/../lib/gcc/avr/5.4.0/avr5/memx-const\libgcc.a(_movmemx.o)
 .stack.descriptors
                0x0000000000000000       0x34 c:/program files/microchip/xc8/v2.32/avr/bin/../lib/gcc/avr/5.4.0/avr5/memx-const\libgcc.a(_movmemx.o)
 .text.libgcc.builtins
                0x0000000000000000        0x0 c:/program files/microchip/xc8/v2.32/avr/bin/../lib/gcc/avr/5.4.0/avr5/memx-const\libgcc.a(_movmemx.o)
 .text.libgcc.fmul
                0x0000000000000000        0x0 c:/program files/microchip/xc8/v2.32/avr/bin/../lib/gcc/avr/5.4.0/avr5/memx-const\libgcc.a(_movmemx.o)
 .text.libgcc.fixed
                0x0000000000000000        0x0 c:/program files/microchip/xc8/v2.32/avr/bin/../lib/gcc/avr/5.4.0/avr5/memx-const\libgcc.a(_movmemx.o)
 .text          0x0000000000000000        0x0 c:/program files/microchip/xc8/v2.32/avr/bin/../lib/gcc/avr/5.4.0/../../../../avr/lib/avr5/memx-const\libc.a(itoa_ncheck.o)
 .data          0x0000000000000000        0x0 c:/program files/microchip/xc8/v2.32/avr/bin/../lib/gcc/avr/5.4.0/../../../../avr/lib/avr5/memx-const\libc.a(itoa_ncheck.o)
 .bss           0x0000000000000000        0x0 c:/program files/microchip/xc8/v2.32/avr/bin/../lib/gcc/avr/5.4.0/../../../../avr/lib/avr5/memx-const\libc.a(itoa_ncheck.o)
 .stack.descriptors
                0x0000000000000000       0x1b c:/program files/microchip/xc8/v2.32/avr/bin/../lib/gcc/avr/5.4.0/../../../../avr/lib/avr5/memx-const\libc.a(itoa_ncheck.o)
 .text          0x0000000000000000        0x0 c:/program files/microchip/xc8/v2.32/avr/bin/../lib/gcc/avr/5.4.0/../../../../avr/lib/avr5/memx-const\libc.a(utoa_ncheck.o)
 .data          0x0000000000000000        0x0 c:/program files/microchip/xc8/v2.32/avr/bin/../lib/gcc/avr/5.4.0/../../../../avr/lib/avr5/memx-const\libc.a(utoa_ncheck.o)
 .bss           0x0000000000000000        0x0 c:/program files/microchip/xc8/v2.32/avr/bin/../lib/gcc/avr/5.4.0/../../../../avr/lib/avr5/memx-const\libc.a(utoa_ncheck.o)
 .stack.descriptors
                0x0000000000000000       0x36 c:/program files/microchip/xc8/v2.32/avr/bin/../lib/gcc/avr/5.4.0/../../../../avr/lib/avr5/memx-const\libc.a(utoa_ncheck.o)
 .text          0x0000000000000000        0x0 c:/program files/microchip/xc8/v2.32/avr/bin/../lib/gcc/avr/5.4.0/../../../../avr/lib/avr5/memx-const\libc.a(strrev.o)
 .data          0x0000000000000000        0x0 c:/program files/microchip/xc8/v2.32/avr/bin/../lib/gcc/avr/5.4.0/../../../../avr/lib/avr5/memx-const\libc.a(strrev.o)
 .bss           0x0000000000000000        0x0 c:/program files/microchip/xc8/v2.32/avr/bin/../lib/gcc/avr/5.4.0/../../../../avr/lib/avr5/memx-const\libc.a(strrev.o)
 .stack.descriptors
                0x0000000000000000       0x14 c:/program files/microchip/xc8/v2.32/avr/bin/../lib/gcc/avr/5.4.0/../../../../avr/lib/avr5/memx-const\libc.a(strrev.o)

Memory Configuration

Name             Origin             Length             Attributes
text             0x0000000000000000 0x0000000000008000 xr
data             0x0000000000800060 0x0000000000000800 rw !x
eeprom           0x0000000000810000 0x0000000000000400 rw !x
fuse             0x0000000000820000 0x0000000000000002 rw !x
lock             0x0000000000830000 0x0000000000000400 rw !x
signature        0x0000000000840000 0x0000000000000400 rw !x
user_signatures  0x0000000000850000 0x0000000000000400 rw !x
*default*        0x0000000000000000 0xffffffffffffffff

Linker script and memory map

LOAD C:/Program Files/Microchip/MPLABX/v5.50/packs/Microchip/ATmega_DFP/2.3.126/xc8/avr/lib/avr5/memx-const/crtatmega32a.o
                0x0000000000000001                __MPLAB_BUILD = 0x1
LOAD build/default/production/lcd_control_main.o
LOAD build/default/production/atemga32a.o
LOAD build/default/production/interfacing_connection_logic.o
LOAD build/default/production/phone_keypad.o
LOAD build/default/production/interrupt_configuration.o
LOAD build/default/production/adc_interfacing.o
LOAD build/default/production/timer0_interface.o
START GROUP
LOAD c:/program files/microchip/xc8/v2.32/avr/bin/../lib/gcc/avr/5.4.0/../../../../avr/lib/avr5/memx-const\libm.a
END GROUP
START GROUP
LOAD c:/program files/microchip/xc8/v2.32/avr/bin/../lib/gcc/avr/5.4.0/avr5/memx-const\libgcc.a
LOAD c:/program files/microchip/xc8/v2.32/avr/bin/../lib/gcc/avr/5.4.0/../../../../avr/lib/avr5/memx-const\libm.a
LOAD c:/program files/microchip/xc8/v2.32/avr/bin/../lib/gcc/avr/5.4.0/../../../../avr/lib/avr5/memx-const\libc.a
LOAD C:/Program Files/Microchip/MPLABX/v5.50/packs/Microchip/ATmega_DFP/2.3.126/xc8/avr/lib/avr5/memx-const\libatmega32a.a
END GROUP
                [0x0000000000000000]                __TEXT_REGION_ORIGIN__ = DEFINED (__TEXT_REGION_ORIGIN__)?__TEXT_REGION_ORIGIN__:0x0
                [0x0000000000800060]                __DATA_REGION_ORIGIN__ = DEFINED (__DATA_REGION_ORIGIN__)?__DATA_REGION_ORIGIN__:0x800060
                [0x0000000000008000]                __TEXT_REGION_LENGTH__ = DEFINED (__TEXT_REGION_LENGTH__)?__TEXT_REGION_LENGTH__:0x20000
                [0x0000000000000800]                __DATA_REGION_LENGTH__ = DEFINED (__DATA_REGION_LENGTH__)?__DATA_REGION_LENGTH__:0xffa0
                [0x0000000000000400]                __EEPROM_REGION_LENGTH__ = DEFINED (__EEPROM_REGION_LENGTH__)?__EEPROM_REGION_LENGTH__:0x10000
                [0x0000000000000002]                __FUSE_REGION_LENGTH__ = DEFINED (__FUSE_REGION_LENGTH__)?__FUSE_REGION_LENGTH__:0x400
                0x0000000000000400                __LOCK_REGION_LENGTH__ = DEFINED (__LOCK_REGION_LENGTH__)?__LOCK_REGION_LENGTH__:0x400
                0x0000000000000400                __SIGNATURE_REGION_LENGTH__ = DEFINED (__SIGNATURE_REGION_LENGTH__)?__SIGNATURE_REGION_LENGTH__:0x400
                0x0000000000000400                __USER_SIGNATURE_REGION_LENGTH__ = DEFINED (__USER_SIGNATURE_REGION_LENGTH__)?__USER_SIGNATURE_REGION_LENGTH__:0x400

.hash
 *(.hash)

.dynsym
 *(.dynsym)

.dynstr
 *(.dynstr)

.gnu.version
 *(.gnu.version)

.gnu.version_d
 *(.gnu.version_d)

.gnu.version_r
 *(.gnu.version_r)

.rel.init
 *(.rel.init)

.rela.init
 *(.rela.init)

.rel.text
 *(.rel.text)
 *(.rel.text.*)
 *(.rel.gnu.linkonce.t*)

.rela.text
 *(.rela.text)
 *(.rela.text.*)
 *(.rela.gnu.linkonce.t*)

.rel.fini
 *(.rel.fini)

.rela.fini
 *(.rela.fini)

.rel.rodata
 *(.rel.rodata)
 *(.rel.rodata.*)
 *(.rel.gnu.linkonce.r*)

.rela.rodata
 *(.rela.rodata)
 *(.rela.rodata.*)
 *(.rela.gnu.linkonce.r*)

.rel.data
 *(.rel.data)
 *(.rel.data.*)
 *(.rel.gnu.linkonce.d*)

.rela.data
 *(.rela.data)
 *(.rela.data.*)
 *(.rela.gnu.linkonce.d*)

.rel.ctors
 *(.rel.ctors)

.rela.ctors
 *(.rela.ctors)

.rel.dtors
 *(.rel.dtors)

.rela.dtors
 *(.rela.dtors)

.rel.got
 *(.rel.got)

.rela.got
 *(.rela.got)

.rel.bss
 *(.rel.bss)

.rela.bss
 *(.rela.bss)

.rel.plt
 *(.rel.plt)

.rela.plt
 *(.rela.plt)

.text           0x0000000000000000       0xba
 *(.vectors)
 .vectors       0x0000000000000000       0x54 C:/Program Files/Microchip/MPLABX/v5.50/packs/Microchip/ATmega_DFP/2.3.126/xc8/avr/lib/avr5/memx-const/crtatmega32a.o
                0x0000000000000000                __vector_default
                0x0000000000000000                __vectors
 *(.vectors)
 *(.progmem.gcc*)
 *(.dinit)
 .dinit         0x0000000000000054       0x11 data_init
                0x0000000000000066                . = ALIGN (0x2)
 *fill*         0x0000000000000065        0x1 
                0x0000000000000066                __trampolines_start = .
 *(.trampolines)
 .trampolines   0x0000000000000066        0x0 linker stubs
 *(.trampolines*)
                0x0000000000000066                __trampolines_end = .
 *libprintf_flt.a:*(.progmem.data)
 *libc.a:*(.progmem.data)
                0x0000000000000066                . = ALIGN (0x2)
 *(.jumptables)
 *(.jumptables*)
 *(.lowtext)
 *(.lowtext*)
                0x0000000000000066                __ctors_start = .
 *(.ctors)
                0x0000000000000066                __ctors_end = .
                0x0000000000000066                __dtors_start = .
 *(.dtors)
                0x0000000000000066                __dtors_end = .
 SORT(*)(.ctors)
 SORT(*)(.dtors)
 *(.init0)
 .init0         0x0000000000000066        0x0 C:/Program Files/Microchip/MPLABX/v5.50/packs/Microchip/ATmega_DFP/2.3.126/xc8/avr/lib/avr5/memx-const/crtatmega32a.o
                0x0000000000000066                __init
 *(.init0)
 *(.init1)
 *(.init1)
 *(.init2)
 .init2         0x0000000000000066        0xc C:/Program Files/Microchip/MPLABX/v5.50/packs/Microchip/ATmega_DFP/2.3.126/xc8/avr/lib/avr5/memx-const/crtatmega32a.o
 *(.init2)
 *(.init3)
 *(.init3)
 *(.init4)
 .init4         0x0000000000000072       0x3c c:/program files/microchip/xc8/v2.32/avr/bin/../lib/gcc/avr/5.4.0/avr5/memx-const\libgcc.a(_copy_data.o)
                0x0000000000000072                __do_copy_data
                0x00000000000000a0                __do_clear_bss
 *(.init4)
 *(.init5)
 *(.init5)
 *(.init6)
 *(.init6)
 *(.init7)
 *(.init7)
 *(.init8)
 *(.init8)
 *(.init9)
 .init9         0x00000000000000ae        0x8 C:/Program Files/Microchip/MPLABX/v5.50/packs/Microchip/ATmega_DFP/2.3.126/xc8/avr/lib/avr5/memx-const/crtatmega32a.o
 *(.init9)
                0x00000000000000b6                . = ALIGN (0x2)
 *(.fini9)
 .fini9         0x00000000000000b6        0x0 c:/program files/microchip/xc8/v2.32/avr/bin/../lib/gcc/avr/5.4.0/avr5/memx-const\libgcc.a(_exit.o)
                0x00000000000000b6                _exit
                0x00000000000000b6                exit
 *(.fini9)
 *(.fini8)
 *(.fini8)
 *(.fini7)
 *(.fini7)
 *(.fini6)
 *(.fini6)
 *(.fini5)
 *(.fini5)
 *(.fini4)
 *(.fini4)
 *(.fini3)
 *(.fini3)
 *(.fini2)
 *(.fini2)
 *(.fini1)
 *(.fini1)
 *(.fini0)
 .fini0         0x00000000000000b6        0x4 c:/program files/microchip/xc8/v2.32/avr/bin/../lib/gcc/avr/5.4.0/avr5/memx-const\libgcc.a(_exit.o)
 *(.fini0)
                0x00000000000000ba                _etext = .

.data           0x0000000000800060        0x0 load address 0x00000000000000ba
                [!provide]                        PROVIDE (__data_start, .)
 *(.gnu.linkonce.d*)
 *(.gnu.linkonce.r*)
                0x0000000000800060                . = ALIGN (0x2)
                0x0000000000800060                _edata = .
                [!provide]                        PROVIDE (__data_end, .)

.bss            0x0000000000800060       0x22
                [!provide]                        PROVIDE (__bss_start, .)
 *(COMMON)
 COMMON         0x0000000000800060       0x20 build/default/production/lcd_control_main.o
                0x0000000000800060                lcd_string
 COMMON         0x0000000000800080        0x2 build/default/production/atemga32a.o
                0x0000000000800080                fun_ret_status_and_data
                [!provide]                        PROVIDE (__bss_end, .)
                0x00000000000000ba                __data_load_start = LOADADDR (.data)
                0x00000000000000ba                __data_load_end = (__data_load_start + SIZEOF (.data))

.noinit         0x0000000000800082        0x0
                [!provide]                        PROVIDE (__noinit_start, .)
 *(.noinit*)
                [!provide]                        PROVIDE (__noinit_end, .)
                0x0000000000800082                _end = .

.eeprom         0x0000000000810000        0x0
 *(.eeprom*)
                0x0000000000810000                __eeprom_end = .

.fuse
 *(.fuse)
 *(.lfuse)
 *(.hfuse)
 *(.efuse)

.lock
 *(.lock*)

.signature
 *(.signature*)

.user_signatures
 *(.user_signatures*)

.stab
 *(.stab)

.stabstr
 *(.stabstr)

.stab.excl
 *(.stab.excl)

.stab.exclstr
 *(.stab.exclstr)

.stab.index
 *(.stab.index)

.stab.indexstr
 *(.stab.indexstr)

.comment        0x0000000000000000       0x2f
 *(.comment)
 .comment       0x0000000000000000       0x2f build/default/production/lcd_control_main.o
                                         0x30 (size before relaxing)
 .comment       0x000000000000002f       0x30 build/default/production/atemga32a.o
 .comment       0x000000000000002f       0x30 build/default/production/interfacing_connection_logic.o
 .comment       0x000000000000002f       0x30 build/default/production/adc_interfacing.o
 .comment       0x000000000000002f       0x30 build/default/production/timer0_interface.o

.stack.descriptors.hdr
                0x0000000000000000       0x38
 .stack.descriptors.hdr
                0x0000000000000000        0xe c:/program files/microchip/xc8/v2.32/avr/bin/../lib/gcc/avr/5.4.0/avr5/memx-const\libgcc.a(_exit.o)
 .stack.descriptors.hdr
                0x000000000000000e        0xe c:/program files/microchip/xc8/v2.32/avr/bin/../lib/gcc/avr/5.4.0/../../../../avr/lib/avr5/memx-const\libc.a(itoa_ncheck.o)
 .stack.descriptors.hdr
                0x000000000000001c        0xe c:/program files/microchip/xc8/v2.32/avr/bin/../lib/gcc/avr/5.4.0/../../../../avr/lib/avr5/memx-const\libc.a(utoa_ncheck.o)
 .stack.descriptors.hdr
                0x000000000000002a        0xe c:/program files/microchip/xc8/v2.32/avr/bin/../lib/gcc/avr/5.4.0/../../../../avr/lib/avr5/memx-const\libc.a(strrev.o)

.note.gnu.build-id
 *(.note.gnu.build-id)

.debug
 *(.debug)

.line
 *(.line)

.debug_srcinfo
 *(.debug_srcinfo)

.debug_sfnames
 *(.debug_sfnames)

.debug_aranges  0x0000000000000000      0x208
 *(.debug_aranges)
 .debug_aranges
                0x0000000000000000       0x80 build/default/production/lcd_control_main.o
 .debug_aranges
                0x0000000000000080       0x60 build/default/production/atemga32a.o
 .debug_aranges
                0x00000000000000e0       0xa0 build/default/production/interfacing_connection_logic.o
 .debug_aranges
                0x0000000000000180       0x40 build/default/production/adc_interfacing.o
 .debug_aranges
                0x00000000000001c0       0x48 build/default/production/timer0_interface.o

.debug_pubnames
 *(.debug_pubnames)

.debug_info     0x0000000000000000     0x3b0e
 *(.debug_info .gnu.linkonce.wi.*)
 .debug_info    0x0000000000000000      0x4e6 C:/Program Files/Microchip/MPLABX/v5.50/packs/Microchip/ATmega_DFP/2.3.126/xc8/avr/lib/avr5/memx-const/crtatmega32a.o
 .debug_info    0x00000000000004e6     0x18b6 build/default/production/lcd_control_main.o
 .debug_info    0x0000000000001d9c      0x645 build/default/production/atemga32a.o
 .debug_info    0x00000000000023e1      0xe7e build/default/production/interfacing_connection_logic.o
 .debug_info    0x000000000000325f      0x439 build/default/production/adc_interfacing.o
 .debug_info    0x0000000000003698      0x476 build/default/production/timer0_interface.o

.debug_abbrev   0x0000000000000000      0xbf5
 *(.debug_abbrev)
 .debug_abbrev  0x0000000000000000      0x4a3 C:/Program Files/Microchip/MPLABX/v5.50/packs/Microchip/ATmega_DFP/2.3.126/xc8/avr/lib/avr5/memx-const/crtatmega32a.o
 .debug_abbrev  0x00000000000004a3      0x283 build/default/production/lcd_control_main.o
 .debug_abbrev  0x0000000000000726      0x107 build/default/production/atemga32a.o
 .debug_abbrev  0x000000000000082d      0x248 build/default/production/interfacing_connection_logic.o
 .debug_abbrev  0x0000000000000a75       0xa7 build/default/production/adc_interfacing.o
 .debug_abbrev  0x0000000000000b1c       0xd9 build/default/production/timer0_interface.o

.debug_line     0x0000000000000000     0x1821
 *(.debug_line .debug_line.* .debug_line_end)
 .debug_line    0x0000000000000000      0x119 C:/Program Files/Microchip/MPLABX/v5.50/packs/Microchip/ATmega_DFP/2.3.126/xc8/avr/lib/avr5/memx-const/crtatmega32a.o
 .debug_line    0x0000000000000119      0x989 build/default/production/lcd_control_main.o
 .debug_line    0x0000000000000aa2      0x569 build/default/production/atemga32a.o
 .debug_line    0x000000000000100b      0x552 build/default/production/interfacing_connection_logic.o
 .debug_line    0x000000000000155d      0x164 build/default/production/adc_interfacing.o
 .debug_line    0x00000000000016c1      0x160 build/default/production/timer0_interface.o

.debug_frame    0x0000000000000000      0x568
 *(.debug_frame)
 .debug_frame   0x0000000000000000      0x20c build/default/production/lcd_control_main.o
 .debug_frame   0x000000000000020c       0xa4 build/default/production/atemga32a.o
 .debug_frame   0x00000000000002b0      0x1c8 build/default/production/interfacing_connection_logic.o
 .debug_frame   0x0000000000000478       0x74 build/default/production/adc_interfacing.o
 .debug_frame   0x00000000000004ec       0x7c build/default/production/timer0_interface.o

.debug_str      0x0000000000000000      0x487
 *(.debug_str)
 .debug_str     0x0000000000000000      0x196 C:/Program Files/Microchip/MPLABX/v5.50/packs/Microchip/ATmega_DFP/2.3.126/xc8/avr/lib/avr5/memx-const/crtatmega32a.o
 .debug_str     0x0000000000000196      0x1d1 build/default/production/lcd_control_main.o
 .debug_str     0x0000000000000367       0x7e build/default/production/atemga32a.o
 .debug_str     0x00000000000003e5       0xa2 build/default/production/interfacing_connection_logic.o
 .debug_str     0x0000000000000487        0x0 build/default/production/adc_interfacing.o
 .debug_str     0x0000000000000487        0x0 build/default/production/timer0_interface.o

.debug_loc      0x0000000000000000     0x19a5
 *(.debug_loc)
 .debug_loc     0x0000000000000000      0x75c build/default/production/lcd_control_main.o
 .debug_loc     0x000000000000075c      0xab6 build/default/production/atemga32a.o
 .debug_loc     0x0000000000001212      0x649 build/default/production/interfacing_connection_logic.o
 .debug_loc     0x000000000000185b       0xa5 build/default/production/adc_interfacing.o
 .debug_loc     0x0000000000001900       0xa5 build/default/production/timer0_interface.o

.debug_macinfo
 *(.debug_macinfo)

.debug_weaknames
 *(.debug_weaknames)

.debug_funcnames
 *(.debug_funcnames)

.debug_typenames
 *(.debug_typenames)

.debug_varnames
 *(.debug_varnames)

.debug_pubtypes
 *(.debug_pubtypes)

.debug_ranges   0x0000000000000000      0x1d8
 *(.debug_ranges)
 .debug_ranges  0x0000000000000000       0x90 build/default/production/lcd_control_main.o
 .debug_ranges  0x0000000000000090       0x50 build/default/production/atemga32a.o
 .debug_ranges  0x00000000000000e0       0x90 build/default/production/interfacing_connection_logic.o
 .debug_ranges  0x0000000000000170       0x30 build/default/production/adc_interfacing.o
 .debug_ranges  0x00000000000001a0       0x38 build/default/production/timer0_interface.o

.debug_macro
 *(.debug_macro)
OUTPUT(dist/default/production/lcd_2x16_interfacing.production.elf elf32-avr)
LOAD linker stubs
LOAD data_init

.note.gnu.avr.deviceinfo
                0x0000000000000000       0x3c
 .note.gnu.avr.deviceinfo
                0x0000000000000000       0x3c C:/Program Files/Microchip/MPLABX/v5.50/packs/Microchip/ATmega_DFP/2.3.126/xc8/avr/lib/avr5/memx-const/crtatmega32a.o

.bss.frequency_change_req.2140
                0x00000000008000a2        0x1
 .bss.frequency_change_req.2140
                0x00000000008000a2        0x1 build/default/production/lcd_control_main.o

.bss.halting_time.2139
                0x00000000008000a3        0x1
 .bss.halting_time.2139
                0x00000000008000a3        0x1 build/default/production/lcd_control_main.o

.bss.seconds_counter.2138
                0x00000000008000a4        0x1
 .bss.seconds_counter.2138
                0x00000000008000a4        0x1 build/default/production/lcd_control_main.o

.bss.complete_count_to_max_counter.2137
                0x00000000008000a5        0x1
 .bss.complete_count_to_max_counter.2137
                0x00000000008000a5        0x1 build/default/production/lcd_control_main.o

.bss.is_timer0_on
                0x00000000008000a6        0x1
 .bss.is_timer0_on
                0x00000000008000a6        0x1 build/default/production/timer0_interface.o

.bss.save_configuration_of_timer
                0x00000000008000a7        0x1
 .bss.save_configuration_of_timer
                0x00000000008000a7        0x1 build/default/production/timer0_interface.o

.text.instrcutionsExecutedEverySec
                0x00000000000000ba      0x268
 .text.instrcutionsExecutedEverySec
                0x00000000000000ba      0x268 build/default/production/lcd_control_main.o
                0x00000000000000ba                instrcutionsExecutedEverySec

.text.writeControlSignalOnPortPin
                0x0000000000000322      0x1d8
 .text.writeControlSignalOnPortPin
                0x0000000000000322      0x1d8 build/default/production/atemga32a.o
                0x0000000000000322                writeControlSignalOnPortPin

.text.programPortPinInOut
                0x00000000000004fa      0x112
 .text.programPortPinInOut
                0x00000000000004fa      0x112 build/default/production/atemga32a.o
                0x00000000000004fa                programPortPinInOut

.text.scanControlPassingThroughPortPin
                0x000000000000060c      0x10e
 .text.scanControlPassingThroughPortPin
                0x000000000000060c      0x10e build/default/production/atemga32a.o
                0x000000000000060c                scanControlPassingThroughPortPin

.text.__vector_1
                0x000000000000071a       0xc0
 .text.__vector_1
                0x000000000000071a       0xc0 build/default/production/lcd_control_main.o
                0x000000000000071a                __vector_1

.text.__vector_16
                0x00000000000007da       0xa4
 .text.__vector_16
                0x00000000000007da       0xa4 build/default/production/lcd_control_main.o
                0x00000000000007da                __vector_16

.text.commandLCD
                0x000000000000087e       0x98
 .text.commandLCD
                0x000000000000087e       0x98 build/default/production/interfacing_connection_logic.o
                0x000000000000087e                commandLCD

.text.displayCharacterOnLCD
                0x0000000000000916       0x98
 .text.displayCharacterOnLCD
                0x0000000000000916       0x98 build/default/production/interfacing_connection_logic.o
                0x0000000000000916                displayCharacterOnLCD

.text.initLCD   0x00000000000009ae       0x64
 .text.initLCD  0x00000000000009ae       0x64 build/default/production/interfacing_connection_logic.o
                0x00000000000009ae                initLCD

.text.displayINTOnLCD
                0x0000000000000a12       0x4c
 .text.displayINTOnLCD
                0x0000000000000a12       0x4c build/default/production/interfacing_connection_logic.o
                0x0000000000000a12                displayINTOnLCD

.text.__vector_11
                0x0000000000000a5e       0x48
 .text.__vector_11
                0x0000000000000a5e       0x48 build/default/production/lcd_control_main.o
                0x0000000000000a5e                __vector_11

.text.displayStringOnLCD
                0x0000000000000aa6       0x44
 .text.displayStringOnLCD
                0x0000000000000aa6       0x44 build/default/production/interfacing_connection_logic.o
                0x0000000000000aa6                displayStringOnLCD

.text.onInitTimer
                0x0000000000000aea       0x42
 .text.onInitTimer
                0x0000000000000aea       0x42 build/default/production/timer0_interface.o
                0x0000000000000aea                onInitTimer

.text.onConversionComplete
                0x0000000000000b2c       0x38
 .text.onConversionComplete
                0x0000000000000b2c       0x38 build/default/production/adc_interfacing.o
                0x0000000000000b2c                onConversionComplete

.text.avrlibc   0x0000000000000b64       0x34
 .text.avrlibc  0x0000000000000b64       0x34 c:/program files/microchip/xc8/v2.32/avr/bin/../lib/gcc/avr/5.4.0/../../../../avr/lib/avr5/memx-const\libc.a(utoa_ncheck.o)
                0x0000000000000b64                __utoa_ncheck
                0x0000000000000b66                __utoa_common

.text.main      0x0000000000000b98       0x30
 .text.main     0x0000000000000b98       0x30 build/default/production/lcd_control_main.o
                0x0000000000000b98                main

.text.moveCursorToLocation
                0x0000000000000bc8       0x2e
 .text.moveCursorToLocation
                0x0000000000000bc8       0x2e build/default/production/interfacing_connection_logic.o
                0x0000000000000bc8                moveCursorToLocation

.text.mainTimer0
                0x0000000000000bf6       0x28
 .text.mainTimer0
                0x0000000000000bf6       0x28 build/default/production/lcd_control_main.o
                0x0000000000000bf6                mainTimer0

.text.configureLCDDataBusLines
                0x0000000000000c1e       0x22
 .text.configureLCDDataBusLines
                0x0000000000000c1e       0x22 build/default/production/interfacing_connection_logic.o
                0x0000000000000c1e                configureLCDDataBusLines

.text.avrlibc   0x0000000000000c40       0x20
 .text.avrlibc  0x0000000000000c40       0x20 c:/program files/microchip/xc8/v2.32/avr/bin/../lib/gcc/avr/5.4.0/../../../../avr/lib/avr5/memx-const\libc.a(strrev.o)
                0x0000000000000c40                strrev

.text.generateLCDEnableControlPuls
                0x0000000000000c60       0x1e
 .text.generateLCDEnableControlPuls
                0x0000000000000c60       0x1e build/default/production/interfacing_connection_logic.o
                0x0000000000000c60                generateLCDEnableControlPuls

.text.configureLCDControlPins
                0x0000000000000c7e       0x1a
 .text.configureLCDControlPins
                0x0000000000000c7e       0x1a build/default/production/interfacing_connection_logic.o
                0x0000000000000c7e                configureLCDControlPins

.text.resumeTimer
                0x0000000000000c98       0x16
 .text.resumeTimer
                0x0000000000000c98       0x16 build/default/production/timer0_interface.o
                0x0000000000000c98                resumeTimer

.text.avrlibc   0x0000000000000cae       0x16
 .text.avrlibc  0x0000000000000cae       0x16 c:/program files/microchip/xc8/v2.32/avr/bin/../lib/gcc/avr/5.4.0/../../../../avr/lib/avr5/memx-const\libc.a(itoa_ncheck.o)
                0x0000000000000cae                __itoa_ncheck

.text.initLED   0x0000000000000cc4       0x14
 .text.initLED  0x0000000000000cc4       0x14 build/default/production/interfacing_connection_logic.o
                0x0000000000000cc4                initLED

.text.onStartConversion
                0x0000000000000cd8       0x14
 .text.onStartConversion
                0x0000000000000cd8       0x14 build/default/production/adc_interfacing.o
                0x0000000000000cd8                onStartConversion

.text.turnLEDOnOff
                0x0000000000000cec       0x12
 .text.turnLEDOnOff
                0x0000000000000cec       0x12 build/default/production/interfacing_connection_logic.o
                0x0000000000000cec                turnLEDOnOff

.text.haltTimer
                0x0000000000000cfe       0x12
 .text.haltTimer
                0x0000000000000cfe       0x12 build/default/production/timer0_interface.o
                0x0000000000000cfe                haltTimer

.text.isLEDOnOrOFF
                0x0000000000000d10       0x10
 .text.isLEDOnOrOFF
                0x0000000000000d10       0x10 build/default/production/interfacing_connection_logic.o
                0x0000000000000d10                isLEDOnOrOFF

.text.changeTimerClk_source
                0x0000000000000d20       0x10
 .text.changeTimerClk_source
                0x0000000000000d20       0x10 build/default/production/timer0_interface.o
                0x0000000000000d20                changeTimerClk_source

.text.getTimerConfiguration
                0x0000000000000d30        0x6
 .text.getTimerConfiguration
                0x0000000000000d30        0x6 build/default/production/timer0_interface.o
                0x0000000000000d30                getTimerConfiguration

.text.getTimerStatus
                0x0000000000000d36        0x6
 .text.getTimerStatus
                0x0000000000000d36        0x6 build/default/production/timer0_interface.o
                0x0000000000000d36                getTimerStatus

.text           0x0000000000000d3c        0x4
 .text          0x0000000000000d3c        0x4 C:/Program Files/Microchip/MPLABX/v5.50/packs/Microchip/ATmega_DFP/2.3.126/xc8/avr/lib/avr5/memx-const/crtatmega32a.o
                0x0000000000000d3c                __vector_12
                0x0000000000000d3c                __bad_interrupt
                0x0000000000000d3c                __vector_6
                0x0000000000000d3c                __vector_3
                0x0000000000000d3c                __vector_13
                0x0000000000000d3c                __vector_17
                0x0000000000000d3c                __vector_19
                0x0000000000000d3c                __vector_7
                0x0000000000000d3c                __vector_5
                0x0000000000000d3c                __vector_4
                0x0000000000000d3c                __vector_9
                0x0000000000000d3c                __vector_2
                0x0000000000000d3c                __vector_15
                0x0000000000000d3c                __vector_8
                0x0000000000000d3c                __vector_14
                0x0000000000000d3c                __vector_10
                0x0000000000000d3c                __vector_18
                0x0000000000000d3c                __vector_20

.data.start_msg
                0x0000000000800082       0x20 load address 0x0000000000000d40
 .data.start_msg
                0x0000000000800082       0x20 build/default/production/lcd_control_main.o
                0x0000000000800082                start_msg
