Archive member included to satisfy reference by file (symbol)

c:/program files/microchip/xc8/v2.32/avr/bin/../lib/gcc/avr/5.4.0/avr5/memx-const\libgcc.a(_exit.o)
                              C:/Program Files/Microchip/MPLABX/v5.50/packs/Microchip/ATmega_DFP/2.3.126/xc8/avr/lib/avr5/memx-const/crtatmega32a.o (exit)
c:/program files/microchip/xc8/v2.32/avr/bin/../lib/gcc/avr/5.4.0/avr5/memx-const\libgcc.a(_tablejump2.o)
                              build/default/production/lcd_control_main.o (__tablejump2__)
c:/program files/microchip/xc8/v2.32/avr/bin/../lib/gcc/avr/5.4.0/avr5/memx-const\libgcc.a(_copy_data.o)
                              build/default/production/atemga32a.o (__do_clear_bss)
c:/program files/microchip/xc8/v2.32/avr/bin/../lib/gcc/avr/5.4.0/../../../../avr/lib/avr5/memx-const\libc.a(itoa_ncheck.o)
                              build/default/production/interfacing_connection_logic.o (__itoa_ncheck)
c:/program files/microchip/xc8/v2.32/avr/bin/../lib/gcc/avr/5.4.0/../../../../avr/lib/avr5/memx-const\libc.a(utoa_ncheck.o)
                              c:/program files/microchip/xc8/v2.32/avr/bin/../lib/gcc/avr/5.4.0/../../../../avr/lib/avr5/memx-const\libc.a(itoa_ncheck.o) (__utoa_common)
c:/program files/microchip/xc8/v2.32/avr/bin/../lib/gcc/avr/5.4.0/../../../../avr/lib/avr5/memx-const\libc.a(strrev.o)
                              c:/program files/microchip/xc8/v2.32/avr/bin/../lib/gcc/avr/5.4.0/../../../../avr/lib/avr5/memx-const\libc.a(utoa_ncheck.o) (strrev)

Allocating common symbols
Common symbol       size              file

fun_ret_status_and_data
                    0x2               build/default/production/atemga32a.o

Discarded input sections

 .data          0x0000000000000000        0x0 C:/Program Files/Microchip/MPLABX/v5.50/packs/Microchip/ATmega_DFP/2.3.126/xc8/avr/lib/avr5/memx-const/crtatmega32a.o
 .bss           0x0000000000000000        0x0 C:/Program Files/Microchip/MPLABX/v5.50/packs/Microchip/ATmega_DFP/2.3.126/xc8/avr/lib/avr5/memx-const/crtatmega32a.o
 .text          0x0000000000000000        0x0 build/default/production/lcd_control_main.o
 .data          0x0000000000000000        0x0 build/default/production/lcd_control_main.o
 .bss           0x0000000000000000        0x0 build/default/production/lcd_control_main.o
 .text          0x0000000000000000        0x0 build/default/production/atemga32a.o
 .data          0x0000000000000000        0x0 build/default/production/atemga32a.o
 .bss           0x0000000000000000        0x0 build/default/production/atemga32a.o
 .text.setPortInOut
                0x0000000000000000       0x5c build/default/production/atemga32a.o
 .text.setPortPinInOut
                0x0000000000000000       0xf8 build/default/production/atemga32a.o
 .text.outControlSignalThroughPortPin
                0x0000000000000000       0xf8 build/default/production/atemga32a.o
 .text.scanControlSignalThroughPort
                0x0000000000000000       0x48 build/default/production/atemga32a.o
 .text.scanControlSignalThroughPortPin
                0x0000000000000000       0x8c build/default/production/atemga32a.o
 .text          0x0000000000000000        0x0 build/default/production/interfacing_connection_logic.o
 .data          0x0000000000000000        0x0 build/default/production/interfacing_connection_logic.o
 .bss           0x0000000000000000        0x0 build/default/production/interfacing_connection_logic.o
 .text.displayCharOrCommandLCD
                0x0000000000000000       0x9c build/default/production/interfacing_connection_logic.o
 .text.moveCursorToLocation
                0x0000000000000000       0x2e build/default/production/interfacing_connection_logic.o
 .text.displayStringOnLCD
                0x0000000000000000       0x5c build/default/production/interfacing_connection_logic.o
 .text.displayINTOnLCD
                0x0000000000000000       0x4c build/default/production/interfacing_connection_logic.o
 .text          0x0000000000000000        0x0 build/default/production/phone_keypad.o
 .data          0x0000000000000000        0x0 build/default/production/phone_keypad.o
 .bss           0x0000000000000000        0x0 build/default/production/phone_keypad.o
 .text          0x0000000000000000        0x0 build/default/production/interrupt_configuration.o
 .data          0x0000000000000000        0x0 build/default/production/interrupt_configuration.o
 .bss           0x0000000000000000        0x0 build/default/production/interrupt_configuration.o
 .text          0x0000000000000000        0x0 build/default/production/adc_interfacing.o
 .data          0x0000000000000000        0x0 build/default/production/adc_interfacing.o
 .bss           0x0000000000000000        0x0 build/default/production/adc_interfacing.o
 .text.startConversionAndReturnConversionOutput
                0x0000000000000000       0x92 build/default/production/adc_interfacing.o
 .text.checkForSelectedChannel
                0x0000000000000000        0xc build/default/production/adc_interfacing.o
 .text.checkForSelectedVoltage
                0x0000000000000000       0x16 build/default/production/adc_interfacing.o
 .text.initADCInternalCircuitry
                0x0000000000000000       0x88 build/default/production/adc_interfacing.o
 .text.checkForSelectedFrequency
                0x0000000000000000        0xc build/default/production/adc_interfacing.o
 .text.checkForSelectedConversionMode
                0x0000000000000000        0xc build/default/production/adc_interfacing.o
 .debug_info    0x0000000000000000      0x6e2 build/default/production/adc_interfacing.o
 .debug_abbrev  0x0000000000000000      0x154 build/default/production/adc_interfacing.o
 .debug_loc     0x0000000000000000      0x33c build/default/production/adc_interfacing.o
 .debug_aranges
                0x0000000000000000       0x48 build/default/production/adc_interfacing.o
 .debug_ranges  0x0000000000000000       0x38 build/default/production/adc_interfacing.o
 .debug_line    0x0000000000000000      0x20b build/default/production/adc_interfacing.o
 .debug_str     0x0000000000000000       0x5f build/default/production/adc_interfacing.o
 .comment       0x0000000000000000       0x30 build/default/production/adc_interfacing.o
 .debug_frame   0x0000000000000000       0x90 build/default/production/adc_interfacing.o
 .text          0x0000000000000000        0x0 c:/program files/microchip/xc8/v2.32/avr/bin/../lib/gcc/avr/5.4.0/avr5/memx-const\libgcc.a(_exit.o)
 .data          0x0000000000000000        0x0 c:/program files/microchip/xc8/v2.32/avr/bin/../lib/gcc/avr/5.4.0/avr5/memx-const\libgcc.a(_exit.o)
 .bss           0x0000000000000000        0x0 c:/program files/microchip/xc8/v2.32/avr/bin/../lib/gcc/avr/5.4.0/avr5/memx-const\libgcc.a(_exit.o)
 .text.libgcc.mul
                0x0000000000000000        0x0 c:/program files/microchip/xc8/v2.32/avr/bin/../lib/gcc/avr/5.4.0/avr5/memx-const\libgcc.a(_exit.o)
 .text.libgcc.div
                0x0000000000000000        0x0 c:/program files/microchip/xc8/v2.32/avr/bin/../lib/gcc/avr/5.4.0/avr5/memx-const\libgcc.a(_exit.o)
 .text.libgcc   0x0000000000000000        0x0 c:/program files/microchip/xc8/v2.32/avr/bin/../lib/gcc/avr/5.4.0/avr5/memx-const\libgcc.a(_exit.o)
 .text.libgcc.prologue
                0x0000000000000000        0x0 c:/program files/microchip/xc8/v2.32/avr/bin/../lib/gcc/avr/5.4.0/avr5/memx-const\libgcc.a(_exit.o)
 .stack.descriptors
                0x0000000000000000       0x13 c:/program files/microchip/xc8/v2.32/avr/bin/../lib/gcc/avr/5.4.0/avr5/memx-const\libgcc.a(_exit.o)
 .text.libgcc.builtins
                0x0000000000000000        0x0 c:/program files/microchip/xc8/v2.32/avr/bin/../lib/gcc/avr/5.4.0/avr5/memx-const\libgcc.a(_exit.o)
 .text.libgcc.fmul
                0x0000000000000000        0x0 c:/program files/microchip/xc8/v2.32/avr/bin/../lib/gcc/avr/5.4.0/avr5/memx-const\libgcc.a(_exit.o)
 .text.libgcc.fixed
                0x0000000000000000        0x0 c:/program files/microchip/xc8/v2.32/avr/bin/../lib/gcc/avr/5.4.0/avr5/memx-const\libgcc.a(_exit.o)
 .text          0x0000000000000000        0x0 c:/program files/microchip/xc8/v2.32/avr/bin/../lib/gcc/avr/5.4.0/avr5/memx-const\libgcc.a(_tablejump2.o)
 .data          0x0000000000000000        0x0 c:/program files/microchip/xc8/v2.32/avr/bin/../lib/gcc/avr/5.4.0/avr5/memx-const\libgcc.a(_tablejump2.o)
 .bss           0x0000000000000000        0x0 c:/program files/microchip/xc8/v2.32/avr/bin/../lib/gcc/avr/5.4.0/avr5/memx-const\libgcc.a(_tablejump2.o)
 .text.libgcc.mul
                0x0000000000000000        0x0 c:/program files/microchip/xc8/v2.32/avr/bin/../lib/gcc/avr/5.4.0/avr5/memx-const\libgcc.a(_tablejump2.o)
 .text.libgcc.div
                0x0000000000000000        0x0 c:/program files/microchip/xc8/v2.32/avr/bin/../lib/gcc/avr/5.4.0/avr5/memx-const\libgcc.a(_tablejump2.o)
 .text.libgcc.prologue
                0x0000000000000000        0x0 c:/program files/microchip/xc8/v2.32/avr/bin/../lib/gcc/avr/5.4.0/avr5/memx-const\libgcc.a(_tablejump2.o)
 .stack.descriptors
                0x0000000000000000       0x1c c:/program files/microchip/xc8/v2.32/avr/bin/../lib/gcc/avr/5.4.0/avr5/memx-const\libgcc.a(_tablejump2.o)
 .text.libgcc.builtins
                0x0000000000000000        0x0 c:/program files/microchip/xc8/v2.32/avr/bin/../lib/gcc/avr/5.4.0/avr5/memx-const\libgcc.a(_tablejump2.o)
 .text.libgcc.fmul
                0x0000000000000000        0x0 c:/program files/microchip/xc8/v2.32/avr/bin/../lib/gcc/avr/5.4.0/avr5/memx-const\libgcc.a(_tablejump2.o)
 .text.libgcc.fixed
                0x0000000000000000        0x0 c:/program files/microchip/xc8/v2.32/avr/bin/../lib/gcc/avr/5.4.0/avr5/memx-const\libgcc.a(_tablejump2.o)
 .text          0x0000000000000000        0x0 c:/program files/microchip/xc8/v2.32/avr/bin/../lib/gcc/avr/5.4.0/avr5/memx-const\libgcc.a(_copy_data.o)
 .data          0x0000000000000000        0x0 c:/program files/microchip/xc8/v2.32/avr/bin/../lib/gcc/avr/5.4.0/avr5/memx-const\libgcc.a(_copy_data.o)
 .bss           0x0000000000000000        0x0 c:/program files/microchip/xc8/v2.32/avr/bin/../lib/gcc/avr/5.4.0/avr5/memx-const\libgcc.a(_copy_data.o)
 .text.libgcc.mul
                0x0000000000000000        0x0 c:/program files/microchip/xc8/v2.32/avr/bin/../lib/gcc/avr/5.4.0/avr5/memx-const\libgcc.a(_copy_data.o)
 .text.libgcc.div
                0x0000000000000000        0x0 c:/program files/microchip/xc8/v2.32/avr/bin/../lib/gcc/avr/5.4.0/avr5/memx-const\libgcc.a(_copy_data.o)
 .text.libgcc   0x0000000000000000        0x0 c:/program files/microchip/xc8/v2.32/avr/bin/../lib/gcc/avr/5.4.0/avr5/memx-const\libgcc.a(_copy_data.o)
 .text.libgcc.prologue
                0x0000000000000000        0x0 c:/program files/microchip/xc8/v2.32/avr/bin/../lib/gcc/avr/5.4.0/avr5/memx-const\libgcc.a(_copy_data.o)
 .text.libgcc.builtins
                0x0000000000000000        0x0 c:/program files/microchip/xc8/v2.32/avr/bin/../lib/gcc/avr/5.4.0/avr5/memx-const\libgcc.a(_copy_data.o)
 .text.libgcc.fmul
                0x0000000000000000        0x0 c:/program files/microchip/xc8/v2.32/avr/bin/../lib/gcc/avr/5.4.0/avr5/memx-const\libgcc.a(_copy_data.o)
 .text.libgcc.fixed
                0x0000000000000000        0x0 c:/program files/microchip/xc8/v2.32/avr/bin/../lib/gcc/avr/5.4.0/avr5/memx-const\libgcc.a(_copy_data.o)
 .text          0x0000000000000000        0x0 c:/program files/microchip/xc8/v2.32/avr/bin/../lib/gcc/avr/5.4.0/../../../../avr/lib/avr5/memx-const\libc.a(itoa_ncheck.o)
 .data          0x0000000000000000        0x0 c:/program files/microchip/xc8/v2.32/avr/bin/../lib/gcc/avr/5.4.0/../../../../avr/lib/avr5/memx-const\libc.a(itoa_ncheck.o)
 .bss           0x0000000000000000        0x0 c:/program files/microchip/xc8/v2.32/avr/bin/../lib/gcc/avr/5.4.0/../../../../avr/lib/avr5/memx-const\libc.a(itoa_ncheck.o)
 .text.avrlibc  0x0000000000000000       0x16 c:/program files/microchip/xc8/v2.32/avr/bin/../lib/gcc/avr/5.4.0/../../../../avr/lib/avr5/memx-const\libc.a(itoa_ncheck.o)
 .stack.descriptors.hdr
                0x0000000000000000        0xe c:/program files/microchip/xc8/v2.32/avr/bin/../lib/gcc/avr/5.4.0/../../../../avr/lib/avr5/memx-const\libc.a(itoa_ncheck.o)
 .stack.descriptors
                0x0000000000000000       0x1b c:/program files/microchip/xc8/v2.32/avr/bin/../lib/gcc/avr/5.4.0/../../../../avr/lib/avr5/memx-const\libc.a(itoa_ncheck.o)
 .text          0x0000000000000000        0x0 c:/program files/microchip/xc8/v2.32/avr/bin/../lib/gcc/avr/5.4.0/../../../../avr/lib/avr5/memx-const\libc.a(utoa_ncheck.o)
 .data          0x0000000000000000        0x0 c:/program files/microchip/xc8/v2.32/avr/bin/../lib/gcc/avr/5.4.0/../../../../avr/lib/avr5/memx-const\libc.a(utoa_ncheck.o)
 .bss           0x0000000000000000        0x0 c:/program files/microchip/xc8/v2.32/avr/bin/../lib/gcc/avr/5.4.0/../../../../avr/lib/avr5/memx-const\libc.a(utoa_ncheck.o)
 .text.avrlibc  0x0000000000000000       0x34 c:/program files/microchip/xc8/v2.32/avr/bin/../lib/gcc/avr/5.4.0/../../../../avr/lib/avr5/memx-const\libc.a(utoa_ncheck.o)
 .stack.descriptors.hdr
                0x0000000000000000        0xe c:/program files/microchip/xc8/v2.32/avr/bin/../lib/gcc/avr/5.4.0/../../../../avr/lib/avr5/memx-const\libc.a(utoa_ncheck.o)
 .stack.descriptors
                0x0000000000000000       0x36 c:/program files/microchip/xc8/v2.32/avr/bin/../lib/gcc/avr/5.4.0/../../../../avr/lib/avr5/memx-const\libc.a(utoa_ncheck.o)
 .text          0x0000000000000000        0x0 c:/program files/microchip/xc8/v2.32/avr/bin/../lib/gcc/avr/5.4.0/../../../../avr/lib/avr5/memx-const\libc.a(strrev.o)
 .data          0x0000000000000000        0x0 c:/program files/microchip/xc8/v2.32/avr/bin/../lib/gcc/avr/5.4.0/../../../../avr/lib/avr5/memx-const\libc.a(strrev.o)
 .bss           0x0000000000000000        0x0 c:/program files/microchip/xc8/v2.32/avr/bin/../lib/gcc/avr/5.4.0/../../../../avr/lib/avr5/memx-const\libc.a(strrev.o)
 .text.avrlibc  0x0000000000000000       0x20 c:/program files/microchip/xc8/v2.32/avr/bin/../lib/gcc/avr/5.4.0/../../../../avr/lib/avr5/memx-const\libc.a(strrev.o)
 .stack.descriptors.hdr
                0x0000000000000000        0xe c:/program files/microchip/xc8/v2.32/avr/bin/../lib/gcc/avr/5.4.0/../../../../avr/lib/avr5/memx-const\libc.a(strrev.o)
 .stack.descriptors
                0x0000000000000000       0x14 c:/program files/microchip/xc8/v2.32/avr/bin/../lib/gcc/avr/5.4.0/../../../../avr/lib/avr5/memx-const\libc.a(strrev.o)

Memory Configuration

Name             Origin             Length             Attributes
text             0x0000000000000000 0x0000000000008000 xr
data             0x0000000000800060 0x0000000000000800 rw !x
eeprom           0x0000000000810000 0x0000000000000400 rw !x
fuse             0x0000000000820000 0x0000000000000002 rw !x
lock             0x0000000000830000 0x0000000000000400 rw !x
signature        0x0000000000840000 0x0000000000000400 rw !x
user_signatures  0x0000000000850000 0x0000000000000400 rw !x
*default*        0x0000000000000000 0xffffffffffffffff

Linker script and memory map

LOAD C:/Program Files/Microchip/MPLABX/v5.50/packs/Microchip/ATmega_DFP/2.3.126/xc8/avr/lib/avr5/memx-const/crtatmega32a.o
                0x0000000000000001                __MPLAB_BUILD = 0x1
LOAD build/default/production/lcd_control_main.o
LOAD build/default/production/atemga32a.o
LOAD build/default/production/interfacing_connection_logic.o
LOAD build/default/production/phone_keypad.o
LOAD build/default/production/interrupt_configuration.o
LOAD build/default/production/adc_interfacing.o
START GROUP
LOAD c:/program files/microchip/xc8/v2.32/avr/bin/../lib/gcc/avr/5.4.0/../../../../avr/lib/avr5/memx-const\libm.a
END GROUP
START GROUP
LOAD c:/program files/microchip/xc8/v2.32/avr/bin/../lib/gcc/avr/5.4.0/avr5/memx-const\libgcc.a
LOAD c:/program files/microchip/xc8/v2.32/avr/bin/../lib/gcc/avr/5.4.0/../../../../avr/lib/avr5/memx-const\libm.a
LOAD c:/program files/microchip/xc8/v2.32/avr/bin/../lib/gcc/avr/5.4.0/../../../../avr/lib/avr5/memx-const\libc.a
LOAD C:/Program Files/Microchip/MPLABX/v5.50/packs/Microchip/ATmega_DFP/2.3.126/xc8/avr/lib/avr5/memx-const\libatmega32a.a
END GROUP
                [0x0000000000000000]                __TEXT_REGION_ORIGIN__ = DEFINED (__TEXT_REGION_ORIGIN__)?__TEXT_REGION_ORIGIN__:0x0
                [0x0000000000800060]                __DATA_REGION_ORIGIN__ = DEFINED (__DATA_REGION_ORIGIN__)?__DATA_REGION_ORIGIN__:0x800060
                [0x0000000000008000]                __TEXT_REGION_LENGTH__ = DEFINED (__TEXT_REGION_LENGTH__)?__TEXT_REGION_LENGTH__:0x20000
                [0x0000000000000800]                __DATA_REGION_LENGTH__ = DEFINED (__DATA_REGION_LENGTH__)?__DATA_REGION_LENGTH__:0xffa0
                [0x0000000000000400]                __EEPROM_REGION_LENGTH__ = DEFINED (__EEPROM_REGION_LENGTH__)?__EEPROM_REGION_LENGTH__:0x10000
                [0x0000000000000002]                __FUSE_REGION_LENGTH__ = DEFINED (__FUSE_REGION_LENGTH__)?__FUSE_REGION_LENGTH__:0x400
                0x0000000000000400                __LOCK_REGION_LENGTH__ = DEFINED (__LOCK_REGION_LENGTH__)?__LOCK_REGION_LENGTH__:0x400
                0x0000000000000400                __SIGNATURE_REGION_LENGTH__ = DEFINED (__SIGNATURE_REGION_LENGTH__)?__SIGNATURE_REGION_LENGTH__:0x400
                0x0000000000000400                __USER_SIGNATURE_REGION_LENGTH__ = DEFINED (__USER_SIGNATURE_REGION_LENGTH__)?__USER_SIGNATURE_REGION_LENGTH__:0x400

.hash
 *(.hash)

.dynsym
 *(.dynsym)

.dynstr
 *(.dynstr)

.gnu.version
 *(.gnu.version)

.gnu.version_d
 *(.gnu.version_d)

.gnu.version_r
 *(.gnu.version_r)

.rel.init
 *(.rel.init)

.rela.init
 *(.rela.init)

.rel.text
 *(.rel.text)
 *(.rel.text.*)
 *(.rel.gnu.linkonce.t*)

.rela.text
 *(.rela.text)
 *(.rela.text.*)
 *(.rela.gnu.linkonce.t*)

.rel.fini
 *(.rel.fini)

.rela.fini
 *(.rela.fini)

.rel.rodata
 *(.rel.rodata)
 *(.rel.rodata.*)
 *(.rel.gnu.linkonce.r*)

.rela.rodata
 *(.rela.rodata)
 *(.rela.rodata.*)
 *(.rela.gnu.linkonce.r*)

.rel.data
 *(.rel.data)
 *(.rel.data.*)
 *(.rel.gnu.linkonce.d*)

.rela.data
 *(.rela.data)
 *(.rela.data.*)
 *(.rela.gnu.linkonce.d*)

.rel.ctors
 *(.rel.ctors)

.rela.ctors
 *(.rela.ctors)

.rel.dtors
 *(.rel.dtors)

.rela.dtors
 *(.rela.dtors)

.rel.got
 *(.rel.got)

.rela.got
 *(.rela.got)

.rel.bss
 *(.rel.bss)

.rela.bss
 *(.rela.bss)

.rel.plt
 *(.rel.plt)

.rela.plt
 *(.rela.plt)

.text           0x0000000000000000      0x202
 *(.vectors)
 .vectors       0x0000000000000000       0x54 C:/Program Files/Microchip/MPLABX/v5.50/packs/Microchip/ATmega_DFP/2.3.126/xc8/avr/lib/avr5/memx-const/crtatmega32a.o
                0x0000000000000000                __vector_default
                0x0000000000000000                __vectors
 *(.vectors)
 *(.progmem.gcc*)
 .progmem.gcc_sw_table.main
                0x0000000000000054       0x18 build/default/production/lcd_control_main.o
 .progmem.gcc_sw_table.scanControlPassingThroughPortPin
                0x000000000000006c       0x70 build/default/production/atemga32a.o
 .progmem.gcc_sw_table.writeControlSignalOnPortPin
                0x00000000000000dc       0x8c build/default/production/atemga32a.o
 .progmem.gcc_sw_table.programPortPinInOut
                0x0000000000000168       0x40 build/default/production/atemga32a.o
 *(.dinit)
 .dinit         0x00000000000001a8        0x5 data_init
                0x00000000000001ae                . = ALIGN (0x2)
 *fill*         0x00000000000001ad        0x1 
                0x00000000000001ae                __trampolines_start = .
 *(.trampolines)
 .trampolines   0x00000000000001ae        0x0 linker stubs
 *(.trampolines*)
                0x00000000000001ae                __trampolines_end = .
 *libprintf_flt.a:*(.progmem.data)
 *libc.a:*(.progmem.data)
                0x00000000000001ae                . = ALIGN (0x2)
 *(.jumptables)
 *(.jumptables*)
 *(.lowtext)
 *(.lowtext*)
                0x00000000000001ae                __ctors_start = .
 *(.ctors)
                0x00000000000001ae                __ctors_end = .
                0x00000000000001ae                __dtors_start = .
 *(.dtors)
                0x00000000000001ae                __dtors_end = .
 SORT(*)(.ctors)
 SORT(*)(.dtors)
 *(.init0)
 .init0         0x00000000000001ae        0x0 C:/Program Files/Microchip/MPLABX/v5.50/packs/Microchip/ATmega_DFP/2.3.126/xc8/avr/lib/avr5/memx-const/crtatmega32a.o
                0x00000000000001ae                __init
 *(.init0)
 *(.init1)
 *(.init1)
 *(.init2)
 .init2         0x00000000000001ae        0xc C:/Program Files/Microchip/MPLABX/v5.50/packs/Microchip/ATmega_DFP/2.3.126/xc8/avr/lib/avr5/memx-const/crtatmega32a.o
 *(.init2)
 *(.init3)
 *(.init3)
 *(.init4)
 .init4         0x00000000000001ba       0x3c c:/program files/microchip/xc8/v2.32/avr/bin/../lib/gcc/avr/5.4.0/avr5/memx-const\libgcc.a(_copy_data.o)
                0x00000000000001ba                __do_copy_data
                0x00000000000001e8                __do_clear_bss
 *(.init4)
 *(.init5)
 *(.init5)
 *(.init6)
 *(.init6)
 *(.init7)
 *(.init7)
 *(.init8)
 *(.init8)
 *(.init9)
 .init9         0x00000000000001f6        0x8 C:/Program Files/Microchip/MPLABX/v5.50/packs/Microchip/ATmega_DFP/2.3.126/xc8/avr/lib/avr5/memx-const/crtatmega32a.o
 *(.init9)
                0x00000000000001fe                . = ALIGN (0x2)
 *(.fini9)
 .fini9         0x00000000000001fe        0x0 c:/program files/microchip/xc8/v2.32/avr/bin/../lib/gcc/avr/5.4.0/avr5/memx-const\libgcc.a(_exit.o)
                0x00000000000001fe                _exit
                0x00000000000001fe                exit
 *(.fini9)
 *(.fini8)
 *(.fini8)
 *(.fini7)
 *(.fini7)
 *(.fini6)
 *(.fini6)
 *(.fini5)
 *(.fini5)
 *(.fini4)
 *(.fini4)
 *(.fini3)
 *(.fini3)
 *(.fini2)
 *(.fini2)
 *(.fini1)
 *(.fini1)
 *(.fini0)
 .fini0         0x00000000000001fe        0x4 c:/program files/microchip/xc8/v2.32/avr/bin/../lib/gcc/avr/5.4.0/avr5/memx-const\libgcc.a(_exit.o)
 *(.fini0)
                0x0000000000000202                _etext = .

.data           0x0000000000800060        0x0 load address 0x0000000000000202
                [!provide]                        PROVIDE (__data_start, .)
 *(.gnu.linkonce.d*)
 *(.gnu.linkonce.r*)
                0x0000000000800060                . = ALIGN (0x2)
                0x0000000000800060                _edata = .
                [!provide]                        PROVIDE (__data_end, .)

.bss            0x0000000000800060        0x2
                [!provide]                        PROVIDE (__bss_start, .)
 *(COMMON)
 COMMON         0x0000000000800060        0x2 build/default/production/atemga32a.o
                0x0000000000800060                fun_ret_status_and_data
                [!provide]                        PROVIDE (__bss_end, .)
                0x0000000000000202                __data_load_start = LOADADDR (.data)
                0x0000000000000202                __data_load_end = (__data_load_start + SIZEOF (.data))

.noinit         0x0000000000800062        0x0
                [!provide]                        PROVIDE (__noinit_start, .)
 *(.noinit*)
                [!provide]                        PROVIDE (__noinit_end, .)
                0x0000000000800062                _end = .

.eeprom         0x0000000000810000        0x0
 *(.eeprom*)
                0x0000000000810000                __eeprom_end = .

.fuse
 *(.fuse)
 *(.lfuse)
 *(.hfuse)
 *(.efuse)

.lock
 *(.lock*)

.signature
 *(.signature*)

.user_signatures
 *(.user_signatures*)

.stab
 *(.stab)

.stabstr
 *(.stabstr)

.stab.excl
 *(.stab.excl)

.stab.exclstr
 *(.stab.exclstr)

.stab.index
 *(.stab.index)

.stab.indexstr
 *(.stab.indexstr)

.comment        0x0000000000000000       0x2f
 *(.comment)
 .comment       0x0000000000000000       0x2f build/default/production/lcd_control_main.o
                                         0x30 (size before relaxing)
 .comment       0x000000000000002f       0x30 build/default/production/atemga32a.o
 .comment       0x000000000000002f       0x30 build/default/production/interfacing_connection_logic.o
 .comment       0x000000000000002f       0x30 build/default/production/phone_keypad.o
 .comment       0x000000000000002f       0x30 build/default/production/interrupt_configuration.o

.stack.descriptors.hdr
                0x0000000000000000       0x1c
 .stack.descriptors.hdr
                0x0000000000000000        0xe c:/program files/microchip/xc8/v2.32/avr/bin/../lib/gcc/avr/5.4.0/avr5/memx-const\libgcc.a(_exit.o)
 .stack.descriptors.hdr
                0x000000000000000e        0xe c:/program files/microchip/xc8/v2.32/avr/bin/../lib/gcc/avr/5.4.0/avr5/memx-const\libgcc.a(_tablejump2.o)

.note.gnu.build-id
 *(.note.gnu.build-id)

.debug
 *(.debug)

.line
 *(.line)

.debug_srcinfo
 *(.debug_srcinfo)

.debug_sfnames
 *(.debug_sfnames)

.debug_aranges  0x0000000000000000      0x188
 *(.debug_aranges)
 .debug_aranges
                0x0000000000000000       0x38 build/default/production/lcd_control_main.o
 .debug_aranges
                0x0000000000000038       0x60 build/default/production/atemga32a.o
 .debug_aranges
                0x0000000000000098       0xa0 build/default/production/interfacing_connection_logic.o
 .debug_aranges
                0x0000000000000138       0x30 build/default/production/phone_keypad.o
 .debug_aranges
                0x0000000000000168       0x20 build/default/production/interrupt_configuration.o

.debug_pubnames
 *(.debug_pubnames)

.debug_info     0x0000000000000000     0x2b3b
 *(.debug_info .gnu.linkonce.wi.*)
 .debug_info    0x0000000000000000      0x4e6 C:/Program Files/Microchip/MPLABX/v5.50/packs/Microchip/ATmega_DFP/2.3.126/xc8/avr/lib/avr5/memx-const/crtatmega32a.o
 .debug_info    0x00000000000004e6      0x8d1 build/default/production/lcd_control_main.o
 .debug_info    0x0000000000000db7      0x6ad build/default/production/atemga32a.o
 .debug_info    0x0000000000001464      0xe81 build/default/production/interfacing_connection_logic.o
 .debug_info    0x00000000000022e5      0x516 build/default/production/phone_keypad.o
 .debug_info    0x00000000000027fb      0x340 build/default/production/interrupt_configuration.o

.debug_abbrev   0x0000000000000000      0xb3f
 *(.debug_abbrev)
 .debug_abbrev  0x0000000000000000      0x4a3 C:/Program Files/Microchip/MPLABX/v5.50/packs/Microchip/ATmega_DFP/2.3.126/xc8/avr/lib/avr5/memx-const/crtatmega32a.o
 .debug_abbrev  0x00000000000004a3      0x19b build/default/production/lcd_control_main.o
 .debug_abbrev  0x000000000000063e      0x134 build/default/production/atemga32a.o
 .debug_abbrev  0x0000000000000772      0x22e build/default/production/interfacing_connection_logic.o
 .debug_abbrev  0x00000000000009a0      0x112 build/default/production/phone_keypad.o
 .debug_abbrev  0x0000000000000ab2       0x8d build/default/production/interrupt_configuration.o

.debug_line     0x0000000000000000     0x1369
 *(.debug_line .debug_line.* .debug_line_end)
 .debug_line    0x0000000000000000      0x119 C:/Program Files/Microchip/MPLABX/v5.50/packs/Microchip/ATmega_DFP/2.3.126/xc8/avr/lib/avr5/memx-const/crtatmega32a.o
 .debug_line    0x0000000000000119      0x2b3 build/default/production/lcd_control_main.o
 .debug_line    0x00000000000003cc      0x871 build/default/production/atemga32a.o
 .debug_line    0x0000000000000c3d      0x4dd build/default/production/interfacing_connection_logic.o
 .debug_line    0x000000000000111a      0x155 build/default/production/phone_keypad.o
 .debug_line    0x000000000000126f       0xfa build/default/production/interrupt_configuration.o

.debug_frame    0x0000000000000000      0x374
 *(.debug_frame)
 .debug_frame   0x0000000000000000       0xc4 build/default/production/lcd_control_main.o
 .debug_frame   0x00000000000000c4       0xa4 build/default/production/atemga32a.o
 .debug_frame   0x0000000000000168      0x17c build/default/production/interfacing_connection_logic.o
 .debug_frame   0x00000000000002e4       0x6c build/default/production/phone_keypad.o
 .debug_frame   0x0000000000000350       0x24 build/default/production/interrupt_configuration.o

.debug_str      0x0000000000000000      0x3f9
 *(.debug_str)
 .debug_str     0x0000000000000000      0x196 C:/Program Files/Microchip/MPLABX/v5.50/packs/Microchip/ATmega_DFP/2.3.126/xc8/avr/lib/avr5/memx-const/crtatmega32a.o
 .debug_str     0x0000000000000196       0xca build/default/production/lcd_control_main.o
 .debug_str     0x0000000000000260       0x8f build/default/production/atemga32a.o
 .debug_str     0x00000000000002ef       0x95 build/default/production/interfacing_connection_logic.o
 .debug_str     0x0000000000000384       0x63 build/default/production/phone_keypad.o
 .debug_str     0x00000000000003e7       0x12 build/default/production/interrupt_configuration.o

.debug_loc      0x0000000000000000     0x24f3
 *(.debug_loc)
 .debug_loc     0x0000000000000000      0x115 build/default/production/lcd_control_main.o
 .debug_loc     0x0000000000000115     0x1d38 build/default/production/atemga32a.o
 .debug_loc     0x0000000000001e4d      0x420 build/default/production/interfacing_connection_logic.o
 .debug_loc     0x000000000000226d      0x1e0 build/default/production/phone_keypad.o
 .debug_loc     0x000000000000244d       0xa6 build/default/production/interrupt_configuration.o

.debug_macinfo
 *(.debug_macinfo)

.debug_weaknames
 *(.debug_weaknames)

.debug_funcnames
 *(.debug_funcnames)

.debug_typenames
 *(.debug_typenames)

.debug_varnames
 *(.debug_varnames)

.debug_pubtypes
 *(.debug_pubtypes)

.debug_ranges   0x0000000000000000      0x150
 *(.debug_ranges)
 .debug_ranges  0x0000000000000000       0x28 build/default/production/lcd_control_main.o
 .debug_ranges  0x0000000000000028       0x50 build/default/production/atemga32a.o
 .debug_ranges  0x0000000000000078       0x90 build/default/production/interfacing_connection_logic.o
 .debug_ranges  0x0000000000000108       0x38 build/default/production/phone_keypad.o
 .debug_ranges  0x0000000000000140       0x10 build/default/production/interrupt_configuration.o

.debug_macro
 *(.debug_macro)
OUTPUT(dist/default/production/lcd_2x16_interfacing.production.elf elf32-avr)
LOAD linker stubs
LOAD data_init

.note.gnu.avr.deviceinfo
                0x0000000000000000       0x3c
 .note.gnu.avr.deviceinfo
                0x0000000000000000       0x3c C:/Program Files/Microchip/MPLABX/v5.50/packs/Microchip/ATmega_DFP/2.3.126/xc8/avr/lib/avr5/memx-const/crtatmega32a.o

.text.writeControlSignalOnPortPin
                0x0000000000000202      0x2ec
 .text.writeControlSignalOnPortPin
                0x0000000000000202      0x2ec build/default/production/atemga32a.o
                0x0000000000000202                writeControlSignalOnPortPin

.text.programPortPinInOut
                0x00000000000004ee      0x1e6
 .text.programPortPinInOut
                0x00000000000004ee      0x1e6 build/default/production/atemga32a.o
                0x00000000000004ee                programPortPinInOut

.text.main      0x00000000000006d4      0x1a6
 .text.main     0x00000000000006d4      0x1a6 build/default/production/lcd_control_main.o
                0x00000000000006d4                main

.text.scanControlPassingThroughPortPin
                0x000000000000087a      0x190
 .text.scanControlPassingThroughPortPin
                0x000000000000087a      0x190 build/default/production/atemga32a.o
                0x000000000000087a                scanControlPassingThroughPortPin

.text.__vector_1
                0x0000000000000a0a       0xc0
 .text.__vector_1
                0x0000000000000a0a       0xc0 build/default/production/lcd_control_main.o
                0x0000000000000a0a                __vector_1

.text.commandLCD
                0x0000000000000aca       0x80
 .text.commandLCD
                0x0000000000000aca       0x80 build/default/production/interfacing_connection_logic.o
                0x0000000000000aca                commandLCD

.text.displayCharacterOnLCD
                0x0000000000000b4a       0x80
 .text.displayCharacterOnLCD
                0x0000000000000b4a       0x80 build/default/production/interfacing_connection_logic.o
                0x0000000000000b4a                displayCharacterOnLCD

.text.getPressedKey
                0x0000000000000bca       0x80
 .text.getPressedKey
                0x0000000000000bca       0x80 build/default/production/phone_keypad.o
                0x0000000000000bca                getPressedKey

.text.driveBiasSiganlThroughKeypad
                0x0000000000000c4a       0x5e
 .text.driveBiasSiganlThroughKeypad
                0x0000000000000c4a       0x5e build/default/production/phone_keypad.o
                0x0000000000000c4a                driveBiasSiganlThroughKeypad

.text.initInterruptService
                0x0000000000000ca8       0x5c
 .text.initInterruptService
                0x0000000000000ca8       0x5c build/default/production/interrupt_configuration.o
                0x0000000000000ca8                initInterruptService

.text.isBTNPressed
                0x0000000000000d04       0x3a
 .text.isBTNPressed
                0x0000000000000d04       0x3a build/default/production/interfacing_connection_logic.o
                0x0000000000000d04                isBTNPressed

.text.initKeypad
                0x0000000000000d3e       0x3a
 .text.initKeypad
                0x0000000000000d3e       0x3a build/default/production/phone_keypad.o
                0x0000000000000d3e                initKeypad

.text.isLEDOnOrOFF
                0x0000000000000d78       0x36
 .text.isLEDOnOrOFF
                0x0000000000000d78       0x36 build/default/production/interfacing_connection_logic.o
                0x0000000000000d78                isLEDOnOrOFF

.text.outControlSignalThroughPort
                0x0000000000000dae       0x2c
 .text.outControlSignalThroughPort
                0x0000000000000dae       0x2c build/default/production/atemga32a.o
                0x0000000000000dae                outControlSignalThroughPort

.text.initBTN   0x0000000000000dda       0x24
 .text.initBTN  0x0000000000000dda       0x24 build/default/production/interfacing_connection_logic.o
                0x0000000000000dda                initBTN

.text.configureLCDDataBusLines
                0x0000000000000dfe       0x22
 .text.configureLCDDataBusLines
                0x0000000000000dfe       0x22 build/default/production/interfacing_connection_logic.o
                0x0000000000000dfe                configureLCDDataBusLines

.text.initLED   0x0000000000000e20       0x20
 .text.initLED  0x0000000000000e20       0x20 build/default/production/interfacing_connection_logic.o
                0x0000000000000e20                initLED

.text.turnLEDOnOff
                0x0000000000000e40       0x1e
 .text.turnLEDOnOff
                0x0000000000000e40       0x1e build/default/production/interfacing_connection_logic.o
                0x0000000000000e40                turnLEDOnOff

.text.generateLCDEnableControlPuls
                0x0000000000000e5e       0x1e
 .text.generateLCDEnableControlPuls
                0x0000000000000e5e       0x1e build/default/production/interfacing_connection_logic.o
                0x0000000000000e5e                generateLCDEnableControlPuls

.text.configureLCDControlPins
                0x0000000000000e7c       0x1a
 .text.configureLCDControlPins
                0x0000000000000e7c       0x1a build/default/production/interfacing_connection_logic.o
                0x0000000000000e7c                configureLCDControlPins

.text.__vector_2
                0x0000000000000e96       0x14
 .text.__vector_2
                0x0000000000000e96       0x14 build/default/production/lcd_control_main.o
                0x0000000000000e96                __vector_2

.text.__vector_3
                0x0000000000000eaa       0x14
 .text.__vector_3
                0x0000000000000eaa       0x14 build/default/production/lcd_control_main.o
                0x0000000000000eaa                __vector_3

.text.initLEDS  0x0000000000000ebe       0x14
 .text.initLEDS
                0x0000000000000ebe       0x14 build/default/production/interfacing_connection_logic.o
                0x0000000000000ebe                initLEDS

.text.initBTNS  0x0000000000000ed2       0x14
 .text.initBTNS
                0x0000000000000ed2       0x14 build/default/production/interfacing_connection_logic.o
                0x0000000000000ed2                initBTNS

.text.initLCD   0x0000000000000ee6        0xe
 .text.initLCD  0x0000000000000ee6        0xe build/default/production/interfacing_connection_logic.o
                0x0000000000000ee6                initLCD

.text.libgcc    0x0000000000000ef4        0xc
 .text.libgcc   0x0000000000000ef4        0xc c:/program files/microchip/xc8/v2.32/avr/bin/../lib/gcc/avr/5.4.0/avr5/memx-const\libgcc.a(_tablejump2.o)
                0x0000000000000ef4                __tablejump2__

.text           0x0000000000000f00        0x4
 .text          0x0000000000000f00        0x4 C:/Program Files/Microchip/MPLABX/v5.50/packs/Microchip/ATmega_DFP/2.3.126/xc8/avr/lib/avr5/memx-const/crtatmega32a.o
                0x0000000000000f00                __vector_12
                0x0000000000000f00                __bad_interrupt
                0x0000000000000f00                __vector_6
                0x0000000000000f00                __vector_11
                0x0000000000000f00                __vector_13
                0x0000000000000f00                __vector_17
                0x0000000000000f00                __vector_19
                0x0000000000000f00                __vector_7
                0x0000000000000f00                __vector_5
                0x0000000000000f00                __vector_4
                0x0000000000000f00                __vector_9
                0x0000000000000f00                __vector_15
                0x0000000000000f00                __vector_8
                0x0000000000000f00                __vector_14
                0x0000000000000f00                __vector_10
                0x0000000000000f00                __vector_16
                0x0000000000000f00                __vector_18
                0x0000000000000f00                __vector_20
