Archive member included to satisfy reference by file (symbol)

c:/program files/microchip/xc8/v2.32/avr/bin/../lib/gcc/avr/5.4.0/avr5/memx-const\libgcc.a(_exit.o)
                              C:/Program Files/Microchip/MPLABX/v5.50/packs/Microchip/ATmega_DFP/2.3.126/xc8/avr/lib/avr5/memx-const/crtatmega32a.o (exit)
c:/program files/microchip/xc8/v2.32/avr/bin/../lib/gcc/avr/5.4.0/avr5/memx-const\libgcc.a(_copy_data.o)
                              build/default/production/atemga32a.o (__do_clear_bss)
c:/program files/microchip/xc8/v2.32/avr/bin/../lib/gcc/avr/5.4.0/../../../../avr/lib/avr5/memx-const\libc.a(itoa_ncheck.o)
                              build/default/production/interfacing_connection_logic.o (__itoa_ncheck)
c:/program files/microchip/xc8/v2.32/avr/bin/../lib/gcc/avr/5.4.0/../../../../avr/lib/avr5/memx-const\libc.a(utoa_ncheck.o)
                              c:/program files/microchip/xc8/v2.32/avr/bin/../lib/gcc/avr/5.4.0/../../../../avr/lib/avr5/memx-const\libc.a(itoa_ncheck.o) (__utoa_common)
c:/program files/microchip/xc8/v2.32/avr/bin/../lib/gcc/avr/5.4.0/../../../../avr/lib/avr5/memx-const\libc.a(strrev.o)
                              c:/program files/microchip/xc8/v2.32/avr/bin/../lib/gcc/avr/5.4.0/../../../../avr/lib/avr5/memx-const\libc.a(utoa_ncheck.o) (strrev)

Allocating common symbols
Common symbol       size              file

fun_ret_status_and_data
                    0x2               build/default/production/atemga32a.o

Discarded input sections

 .data          0x0000000000000000        0x0 C:/Program Files/Microchip/MPLABX/v5.50/packs/Microchip/ATmega_DFP/2.3.126/xc8/avr/lib/avr5/memx-const/crtatmega32a.o
 .bss           0x0000000000000000        0x0 C:/Program Files/Microchip/MPLABX/v5.50/packs/Microchip/ATmega_DFP/2.3.126/xc8/avr/lib/avr5/memx-const/crtatmega32a.o
 .text          0x0000000000000000        0x0 build/default/production/lcd_control_main.o
 .data          0x0000000000000000        0x0 build/default/production/lcd_control_main.o
 .bss           0x0000000000000000        0x0 build/default/production/lcd_control_main.o
 .text          0x0000000000000000        0x0 build/default/production/atemga32a.o
 .data          0x0000000000000000        0x0 build/default/production/atemga32a.o
 .bss           0x0000000000000000        0x0 build/default/production/atemga32a.o
 .text.setPortInOut
                0x0000000000000000       0x58 build/default/production/atemga32a.o
 .text.setPortPinInOut
                0x0000000000000000       0x34 build/default/production/atemga32a.o
 .text.outControlSignalThroughPort
                0x0000000000000000       0x30 build/default/production/atemga32a.o
 .text.outControlSignalThroughPortPin
                0x0000000000000000       0x34 build/default/production/atemga32a.o
 .text.scanControlSignalThroughPort
                0x0000000000000000       0x48 build/default/production/atemga32a.o
 .text.scanControlSignalThroughPortPin
                0x0000000000000000       0x94 build/default/production/atemga32a.o
 .text.scanControlPassingThroughPortPin
                0x0000000000000000      0x10e build/default/production/atemga32a.o
 .text          0x0000000000000000        0x0 build/default/production/interfacing_connection_logic.o
 .data          0x0000000000000000        0x0 build/default/production/interfacing_connection_logic.o
 .bss           0x0000000000000000        0x0 build/default/production/interfacing_connection_logic.o
 .text.isBTNPressed
                0x0000000000000000       0x3a build/default/production/interfacing_connection_logic.o
 .text.isLEDOnOrOFF
                0x0000000000000000       0x36 build/default/production/interfacing_connection_logic.o
 .text.displayCharOrCommandLCD
                0x0000000000000000       0x8a build/default/production/interfacing_connection_logic.o
 .text          0x0000000000000000        0x0 build/default/production/phone_keypad.o
 .data          0x0000000000000000        0x0 build/default/production/phone_keypad.o
 .bss           0x0000000000000000        0x0 build/default/production/phone_keypad.o
 .text.initKeypad
                0x0000000000000000       0x3a build/default/production/phone_keypad.o
 .text.driveBiasSiganlThroughKeypad
                0x0000000000000000       0x5e build/default/production/phone_keypad.o
 .text.getPressedKey
                0x0000000000000000       0x80 build/default/production/phone_keypad.o
 .debug_info    0x0000000000000000      0x517 build/default/production/phone_keypad.o
 .debug_abbrev  0x0000000000000000      0x112 build/default/production/phone_keypad.o
 .debug_loc     0x0000000000000000      0x1e0 build/default/production/phone_keypad.o
 .debug_aranges
                0x0000000000000000       0x30 build/default/production/phone_keypad.o
 .debug_ranges  0x0000000000000000       0x38 build/default/production/phone_keypad.o
 .debug_line    0x0000000000000000      0x155 build/default/production/phone_keypad.o
 .debug_str     0x0000000000000000       0x63 build/default/production/phone_keypad.o
 .comment       0x0000000000000000       0x30 build/default/production/phone_keypad.o
 .debug_frame   0x0000000000000000       0x6c build/default/production/phone_keypad.o
 .text          0x0000000000000000        0x0 build/default/production/interrupt_configuration.o
 .data          0x0000000000000000        0x0 build/default/production/interrupt_configuration.o
 .bss           0x0000000000000000        0x0 build/default/production/interrupt_configuration.o
 .text          0x0000000000000000        0x0 build/default/production/adc_interfacing.o
 .data          0x0000000000000000        0x0 build/default/production/adc_interfacing.o
 .bss           0x0000000000000000        0x0 build/default/production/adc_interfacing.o
 .text.onConversionCompleteUsingPolling
                0x0000000000000000       0x1e build/default/production/adc_interfacing.o
 .text.isConversionStarted
                0x0000000000000000        0x6 build/default/production/adc_interfacing.o
 .text          0x0000000000000000        0x0 c:/program files/microchip/xc8/v2.32/avr/bin/../lib/gcc/avr/5.4.0/avr5/memx-const\libgcc.a(_exit.o)
 .data          0x0000000000000000        0x0 c:/program files/microchip/xc8/v2.32/avr/bin/../lib/gcc/avr/5.4.0/avr5/memx-const\libgcc.a(_exit.o)
 .bss           0x0000000000000000        0x0 c:/program files/microchip/xc8/v2.32/avr/bin/../lib/gcc/avr/5.4.0/avr5/memx-const\libgcc.a(_exit.o)
 .text.libgcc.mul
                0x0000000000000000        0x0 c:/program files/microchip/xc8/v2.32/avr/bin/../lib/gcc/avr/5.4.0/avr5/memx-const\libgcc.a(_exit.o)
 .text.libgcc.div
                0x0000000000000000        0x0 c:/program files/microchip/xc8/v2.32/avr/bin/../lib/gcc/avr/5.4.0/avr5/memx-const\libgcc.a(_exit.o)
 .text.libgcc   0x0000000000000000        0x0 c:/program files/microchip/xc8/v2.32/avr/bin/../lib/gcc/avr/5.4.0/avr5/memx-const\libgcc.a(_exit.o)
 .text.libgcc.prologue
                0x0000000000000000        0x0 c:/program files/microchip/xc8/v2.32/avr/bin/../lib/gcc/avr/5.4.0/avr5/memx-const\libgcc.a(_exit.o)
 .stack.descriptors
                0x0000000000000000       0x13 c:/program files/microchip/xc8/v2.32/avr/bin/../lib/gcc/avr/5.4.0/avr5/memx-const\libgcc.a(_exit.o)
 .text.libgcc.builtins
                0x0000000000000000        0x0 c:/program files/microchip/xc8/v2.32/avr/bin/../lib/gcc/avr/5.4.0/avr5/memx-const\libgcc.a(_exit.o)
 .text.libgcc.fmul
                0x0000000000000000        0x0 c:/program files/microchip/xc8/v2.32/avr/bin/../lib/gcc/avr/5.4.0/avr5/memx-const\libgcc.a(_exit.o)
 .text.libgcc.fixed
                0x0000000000000000        0x0 c:/program files/microchip/xc8/v2.32/avr/bin/../lib/gcc/avr/5.4.0/avr5/memx-const\libgcc.a(_exit.o)
 .text          0x0000000000000000        0x0 c:/program files/microchip/xc8/v2.32/avr/bin/../lib/gcc/avr/5.4.0/avr5/memx-const\libgcc.a(_copy_data.o)
 .data          0x0000000000000000        0x0 c:/program files/microchip/xc8/v2.32/avr/bin/../lib/gcc/avr/5.4.0/avr5/memx-const\libgcc.a(_copy_data.o)
 .bss           0x0000000000000000        0x0 c:/program files/microchip/xc8/v2.32/avr/bin/../lib/gcc/avr/5.4.0/avr5/memx-const\libgcc.a(_copy_data.o)
 .text.libgcc.mul
                0x0000000000000000        0x0 c:/program files/microchip/xc8/v2.32/avr/bin/../lib/gcc/avr/5.4.0/avr5/memx-const\libgcc.a(_copy_data.o)
 .text.libgcc.div
                0x0000000000000000        0x0 c:/program files/microchip/xc8/v2.32/avr/bin/../lib/gcc/avr/5.4.0/avr5/memx-const\libgcc.a(_copy_data.o)
 .text.libgcc   0x0000000000000000        0x0 c:/program files/microchip/xc8/v2.32/avr/bin/../lib/gcc/avr/5.4.0/avr5/memx-const\libgcc.a(_copy_data.o)
 .text.libgcc.prologue
                0x0000000000000000        0x0 c:/program files/microchip/xc8/v2.32/avr/bin/../lib/gcc/avr/5.4.0/avr5/memx-const\libgcc.a(_copy_data.o)
 .text.libgcc.builtins
                0x0000000000000000        0x0 c:/program files/microchip/xc8/v2.32/avr/bin/../lib/gcc/avr/5.4.0/avr5/memx-const\libgcc.a(_copy_data.o)
 .text.libgcc.fmul
                0x0000000000000000        0x0 c:/program files/microchip/xc8/v2.32/avr/bin/../lib/gcc/avr/5.4.0/avr5/memx-const\libgcc.a(_copy_data.o)
 .text.libgcc.fixed
                0x0000000000000000        0x0 c:/program files/microchip/xc8/v2.32/avr/bin/../lib/gcc/avr/5.4.0/avr5/memx-const\libgcc.a(_copy_data.o)
 .text          0x0000000000000000        0x0 c:/program files/microchip/xc8/v2.32/avr/bin/../lib/gcc/avr/5.4.0/../../../../avr/lib/avr5/memx-const\libc.a(itoa_ncheck.o)
 .data          0x0000000000000000        0x0 c:/program files/microchip/xc8/v2.32/avr/bin/../lib/gcc/avr/5.4.0/../../../../avr/lib/avr5/memx-const\libc.a(itoa_ncheck.o)
 .bss           0x0000000000000000        0x0 c:/program files/microchip/xc8/v2.32/avr/bin/../lib/gcc/avr/5.4.0/../../../../avr/lib/avr5/memx-const\libc.a(itoa_ncheck.o)
 .stack.descriptors
                0x0000000000000000       0x1b c:/program files/microchip/xc8/v2.32/avr/bin/../lib/gcc/avr/5.4.0/../../../../avr/lib/avr5/memx-const\libc.a(itoa_ncheck.o)
 .text          0x0000000000000000        0x0 c:/program files/microchip/xc8/v2.32/avr/bin/../lib/gcc/avr/5.4.0/../../../../avr/lib/avr5/memx-const\libc.a(utoa_ncheck.o)
 .data          0x0000000000000000        0x0 c:/program files/microchip/xc8/v2.32/avr/bin/../lib/gcc/avr/5.4.0/../../../../avr/lib/avr5/memx-const\libc.a(utoa_ncheck.o)
 .bss           0x0000000000000000        0x0 c:/program files/microchip/xc8/v2.32/avr/bin/../lib/gcc/avr/5.4.0/../../../../avr/lib/avr5/memx-const\libc.a(utoa_ncheck.o)
 .stack.descriptors
                0x0000000000000000       0x36 c:/program files/microchip/xc8/v2.32/avr/bin/../lib/gcc/avr/5.4.0/../../../../avr/lib/avr5/memx-const\libc.a(utoa_ncheck.o)
 .text          0x0000000000000000        0x0 c:/program files/microchip/xc8/v2.32/avr/bin/../lib/gcc/avr/5.4.0/../../../../avr/lib/avr5/memx-const\libc.a(strrev.o)
 .data          0x0000000000000000        0x0 c:/program files/microchip/xc8/v2.32/avr/bin/../lib/gcc/avr/5.4.0/../../../../avr/lib/avr5/memx-const\libc.a(strrev.o)
 .bss           0x0000000000000000        0x0 c:/program files/microchip/xc8/v2.32/avr/bin/../lib/gcc/avr/5.4.0/../../../../avr/lib/avr5/memx-const\libc.a(strrev.o)
 .stack.descriptors
                0x0000000000000000       0x14 c:/program files/microchip/xc8/v2.32/avr/bin/../lib/gcc/avr/5.4.0/../../../../avr/lib/avr5/memx-const\libc.a(strrev.o)

Memory Configuration

Name             Origin             Length             Attributes
text             0x0000000000000000 0x0000000000008000 xr
data             0x0000000000800060 0x0000000000000800 rw !x
eeprom           0x0000000000810000 0x0000000000000400 rw !x
fuse             0x0000000000820000 0x0000000000000002 rw !x
lock             0x0000000000830000 0x0000000000000400 rw !x
signature        0x0000000000840000 0x0000000000000400 rw !x
user_signatures  0x0000000000850000 0x0000000000000400 rw !x
*default*        0x0000000000000000 0xffffffffffffffff

Linker script and memory map

LOAD C:/Program Files/Microchip/MPLABX/v5.50/packs/Microchip/ATmega_DFP/2.3.126/xc8/avr/lib/avr5/memx-const/crtatmega32a.o
                0x0000000000000001                __MPLAB_BUILD = 0x1
LOAD build/default/production/lcd_control_main.o
LOAD build/default/production/atemga32a.o
LOAD build/default/production/interfacing_connection_logic.o
LOAD build/default/production/phone_keypad.o
LOAD build/default/production/interrupt_configuration.o
LOAD build/default/production/adc_interfacing.o
START GROUP
LOAD c:/program files/microchip/xc8/v2.32/avr/bin/../lib/gcc/avr/5.4.0/../../../../avr/lib/avr5/memx-const\libm.a
END GROUP
START GROUP
LOAD c:/program files/microchip/xc8/v2.32/avr/bin/../lib/gcc/avr/5.4.0/avr5/memx-const\libgcc.a
LOAD c:/program files/microchip/xc8/v2.32/avr/bin/../lib/gcc/avr/5.4.0/../../../../avr/lib/avr5/memx-const\libm.a
LOAD c:/program files/microchip/xc8/v2.32/avr/bin/../lib/gcc/avr/5.4.0/../../../../avr/lib/avr5/memx-const\libc.a
LOAD C:/Program Files/Microchip/MPLABX/v5.50/packs/Microchip/ATmega_DFP/2.3.126/xc8/avr/lib/avr5/memx-const\libatmega32a.a
END GROUP
                [0x0000000000000000]                __TEXT_REGION_ORIGIN__ = DEFINED (__TEXT_REGION_ORIGIN__)?__TEXT_REGION_ORIGIN__:0x0
                [0x0000000000800060]                __DATA_REGION_ORIGIN__ = DEFINED (__DATA_REGION_ORIGIN__)?__DATA_REGION_ORIGIN__:0x800060
                [0x0000000000008000]                __TEXT_REGION_LENGTH__ = DEFINED (__TEXT_REGION_LENGTH__)?__TEXT_REGION_LENGTH__:0x20000
                [0x0000000000000800]                __DATA_REGION_LENGTH__ = DEFINED (__DATA_REGION_LENGTH__)?__DATA_REGION_LENGTH__:0xffa0
                [0x0000000000000400]                __EEPROM_REGION_LENGTH__ = DEFINED (__EEPROM_REGION_LENGTH__)?__EEPROM_REGION_LENGTH__:0x10000
                [0x0000000000000002]                __FUSE_REGION_LENGTH__ = DEFINED (__FUSE_REGION_LENGTH__)?__FUSE_REGION_LENGTH__:0x400
                0x0000000000000400                __LOCK_REGION_LENGTH__ = DEFINED (__LOCK_REGION_LENGTH__)?__LOCK_REGION_LENGTH__:0x400
                0x0000000000000400                __SIGNATURE_REGION_LENGTH__ = DEFINED (__SIGNATURE_REGION_LENGTH__)?__SIGNATURE_REGION_LENGTH__:0x400
                0x0000000000000400                __USER_SIGNATURE_REGION_LENGTH__ = DEFINED (__USER_SIGNATURE_REGION_LENGTH__)?__USER_SIGNATURE_REGION_LENGTH__:0x400

.hash
 *(.hash)

.dynsym
 *(.dynsym)

.dynstr
 *(.dynstr)

.gnu.version
 *(.gnu.version)

.gnu.version_d
 *(.gnu.version_d)

.gnu.version_r
 *(.gnu.version_r)

.rel.init
 *(.rel.init)

.rela.init
 *(.rela.init)

.rel.text
 *(.rel.text)
 *(.rel.text.*)
 *(.rel.gnu.linkonce.t*)

.rela.text
 *(.rela.text)
 *(.rela.text.*)
 *(.rela.gnu.linkonce.t*)

.rel.fini
 *(.rel.fini)

.rela.fini
 *(.rela.fini)

.rel.rodata
 *(.rel.rodata)
 *(.rel.rodata.*)
 *(.rel.gnu.linkonce.r*)

.rela.rodata
 *(.rela.rodata)
 *(.rela.rodata.*)
 *(.rela.gnu.linkonce.r*)

.rel.data
 *(.rel.data)
 *(.rel.data.*)
 *(.rel.gnu.linkonce.d*)

.rela.data
 *(.rela.data)
 *(.rela.data.*)
 *(.rela.gnu.linkonce.d*)

.rel.ctors
 *(.rel.ctors)

.rela.ctors
 *(.rela.ctors)

.rel.dtors
 *(.rel.dtors)

.rela.dtors
 *(.rela.dtors)

.rel.got
 *(.rel.got)

.rela.got
 *(.rela.got)

.rel.bss
 *(.rel.bss)

.rela.bss
 *(.rela.bss)

.rel.plt
 *(.rel.plt)

.rela.plt
 *(.rela.plt)

.text           0x0000000000000000       0xae
 *(.vectors)
 .vectors       0x0000000000000000       0x54 C:/Program Files/Microchip/MPLABX/v5.50/packs/Microchip/ATmega_DFP/2.3.126/xc8/avr/lib/avr5/memx-const/crtatmega32a.o
                0x0000000000000000                __vector_default
                0x0000000000000000                __vectors
 *(.vectors)
 *(.progmem.gcc*)
 *(.dinit)
 .dinit         0x0000000000000054        0x5 data_init
                0x000000000000005a                . = ALIGN (0x2)
 *fill*         0x0000000000000059        0x1 
                0x000000000000005a                __trampolines_start = .
 *(.trampolines)
 .trampolines   0x000000000000005a        0x0 linker stubs
 *(.trampolines*)
                0x000000000000005a                __trampolines_end = .
 *libprintf_flt.a:*(.progmem.data)
 *libc.a:*(.progmem.data)
                0x000000000000005a                . = ALIGN (0x2)
 *(.jumptables)
 *(.jumptables*)
 *(.lowtext)
 *(.lowtext*)
                0x000000000000005a                __ctors_start = .
 *(.ctors)
                0x000000000000005a                __ctors_end = .
                0x000000000000005a                __dtors_start = .
 *(.dtors)
                0x000000000000005a                __dtors_end = .
 SORT(*)(.ctors)
 SORT(*)(.dtors)
 *(.init0)
 .init0         0x000000000000005a        0x0 C:/Program Files/Microchip/MPLABX/v5.50/packs/Microchip/ATmega_DFP/2.3.126/xc8/avr/lib/avr5/memx-const/crtatmega32a.o
                0x000000000000005a                __init
 *(.init0)
 *(.init1)
 *(.init1)
 *(.init2)
 .init2         0x000000000000005a        0xc C:/Program Files/Microchip/MPLABX/v5.50/packs/Microchip/ATmega_DFP/2.3.126/xc8/avr/lib/avr5/memx-const/crtatmega32a.o
 *(.init2)
 *(.init3)
 *(.init3)
 *(.init4)
 .init4         0x0000000000000066       0x3c c:/program files/microchip/xc8/v2.32/avr/bin/../lib/gcc/avr/5.4.0/avr5/memx-const\libgcc.a(_copy_data.o)
                0x0000000000000066                __do_copy_data
                0x0000000000000094                __do_clear_bss
 *(.init4)
 *(.init5)
 *(.init5)
 *(.init6)
 *(.init6)
 *(.init7)
 *(.init7)
 *(.init8)
 *(.init8)
 *(.init9)
 .init9         0x00000000000000a2        0x8 C:/Program Files/Microchip/MPLABX/v5.50/packs/Microchip/ATmega_DFP/2.3.126/xc8/avr/lib/avr5/memx-const/crtatmega32a.o
 *(.init9)
                0x00000000000000aa                . = ALIGN (0x2)
 *(.fini9)
 .fini9         0x00000000000000aa        0x0 c:/program files/microchip/xc8/v2.32/avr/bin/../lib/gcc/avr/5.4.0/avr5/memx-const\libgcc.a(_exit.o)
                0x00000000000000aa                _exit
                0x00000000000000aa                exit
 *(.fini9)
 *(.fini8)
 *(.fini8)
 *(.fini7)
 *(.fini7)
 *(.fini6)
 *(.fini6)
 *(.fini5)
 *(.fini5)
 *(.fini4)
 *(.fini4)
 *(.fini3)
 *(.fini3)
 *(.fini2)
 *(.fini2)
 *(.fini1)
 *(.fini1)
 *(.fini0)
 .fini0         0x00000000000000aa        0x4 c:/program files/microchip/xc8/v2.32/avr/bin/../lib/gcc/avr/5.4.0/avr5/memx-const\libgcc.a(_exit.o)
 *(.fini0)
                0x00000000000000ae                _etext = .

.data           0x0000000000800060        0x0 load address 0x00000000000000ae
                [!provide]                        PROVIDE (__data_start, .)
 *(.gnu.linkonce.d*)
 *(.gnu.linkonce.r*)
                0x0000000000800060                . = ALIGN (0x2)
                0x0000000000800060                _edata = .
                [!provide]                        PROVIDE (__data_end, .)

.bss            0x0000000000800060        0x2
                [!provide]                        PROVIDE (__bss_start, .)
 *(COMMON)
 COMMON         0x0000000000800060        0x2 build/default/production/atemga32a.o
                0x0000000000800060                fun_ret_status_and_data
                [!provide]                        PROVIDE (__bss_end, .)
                0x00000000000000ae                __data_load_start = LOADADDR (.data)
                0x00000000000000ae                __data_load_end = (__data_load_start + SIZEOF (.data))

.noinit         0x0000000000800062        0x0
                [!provide]                        PROVIDE (__noinit_start, .)
 *(.noinit*)
                [!provide]                        PROVIDE (__noinit_end, .)
                0x0000000000800062                _end = .

.eeprom         0x0000000000810000        0x0
 *(.eeprom*)
                0x0000000000810000                __eeprom_end = .

.fuse
 *(.fuse)
 *(.lfuse)
 *(.hfuse)
 *(.efuse)

.lock
 *(.lock*)

.signature
 *(.signature*)

.user_signatures
 *(.user_signatures*)

.stab
 *(.stab)

.stabstr
 *(.stabstr)

.stab.excl
 *(.stab.excl)

.stab.exclstr
 *(.stab.exclstr)

.stab.index
 *(.stab.index)

.stab.indexstr
 *(.stab.indexstr)

.comment        0x0000000000000000       0x2f
 *(.comment)
 .comment       0x0000000000000000       0x2f build/default/production/lcd_control_main.o
                                         0x30 (size before relaxing)
 .comment       0x000000000000002f       0x30 build/default/production/atemga32a.o
 .comment       0x000000000000002f       0x30 build/default/production/interfacing_connection_logic.o
 .comment       0x000000000000002f       0x30 build/default/production/interrupt_configuration.o
 .comment       0x000000000000002f       0x30 build/default/production/adc_interfacing.o

.stack.descriptors.hdr
                0x0000000000000000       0x38
 .stack.descriptors.hdr
                0x0000000000000000        0xe c:/program files/microchip/xc8/v2.32/avr/bin/../lib/gcc/avr/5.4.0/avr5/memx-const\libgcc.a(_exit.o)
 .stack.descriptors.hdr
                0x000000000000000e        0xe c:/program files/microchip/xc8/v2.32/avr/bin/../lib/gcc/avr/5.4.0/../../../../avr/lib/avr5/memx-const\libc.a(itoa_ncheck.o)
 .stack.descriptors.hdr
                0x000000000000001c        0xe c:/program files/microchip/xc8/v2.32/avr/bin/../lib/gcc/avr/5.4.0/../../../../avr/lib/avr5/memx-const\libc.a(utoa_ncheck.o)
 .stack.descriptors.hdr
                0x000000000000002a        0xe c:/program files/microchip/xc8/v2.32/avr/bin/../lib/gcc/avr/5.4.0/../../../../avr/lib/avr5/memx-const\libc.a(strrev.o)

.note.gnu.build-id
 *(.note.gnu.build-id)

.debug
 *(.debug)

.line
 *(.line)

.debug_srcinfo
 *(.debug_srcinfo)

.debug_sfnames
 *(.debug_sfnames)

.debug_aranges  0x0000000000000000      0x188
 *(.debug_aranges)
 .debug_aranges
                0x0000000000000000       0x28 build/default/production/lcd_control_main.o
 .debug_aranges
                0x0000000000000028       0x60 build/default/production/atemga32a.o
 .debug_aranges
                0x0000000000000088       0xa0 build/default/production/interfacing_connection_logic.o
 .debug_aranges
                0x0000000000000128       0x20 build/default/production/interrupt_configuration.o
 .debug_aranges
                0x0000000000000148       0x40 build/default/production/adc_interfacing.o

.debug_pubnames
 *(.debug_pubnames)

.debug_info     0x0000000000000000     0x272d
 *(.debug_info .gnu.linkonce.wi.*)
 .debug_info    0x0000000000000000      0x4e6 C:/Program Files/Microchip/MPLABX/v5.50/packs/Microchip/ATmega_DFP/2.3.126/xc8/avr/lib/avr5/memx-const/crtatmega32a.o
 .debug_info    0x00000000000004e6      0x624 build/default/production/lcd_control_main.o
 .debug_info    0x0000000000000b0a      0x645 build/default/production/atemga32a.o
 .debug_info    0x000000000000114f      0xe64 build/default/production/interfacing_connection_logic.o
 .debug_info    0x0000000000001fb3      0x340 build/default/production/interrupt_configuration.o
 .debug_info    0x00000000000022f3      0x43a build/default/production/adc_interfacing.o

.debug_abbrev   0x0000000000000000      0xa6c
 *(.debug_abbrev)
 .debug_abbrev  0x0000000000000000      0x4a3 C:/Program Files/Microchip/MPLABX/v5.50/packs/Microchip/ATmega_DFP/2.3.126/xc8/avr/lib/avr5/memx-const/crtatmega32a.o
 .debug_abbrev  0x00000000000004a3      0x160 build/default/production/lcd_control_main.o
 .debug_abbrev  0x0000000000000603      0x107 build/default/production/atemga32a.o
 .debug_abbrev  0x000000000000070a      0x22e build/default/production/interfacing_connection_logic.o
 .debug_abbrev  0x0000000000000938       0x8d build/default/production/interrupt_configuration.o
 .debug_abbrev  0x00000000000009c5       0xa7 build/default/production/adc_interfacing.o

.debug_line     0x0000000000000000      0xfa2
 *(.debug_line .debug_line.* .debug_line_end)
 .debug_line    0x0000000000000000      0x119 C:/Program Files/Microchip/MPLABX/v5.50/packs/Microchip/ATmega_DFP/2.3.126/xc8/avr/lib/avr5/memx-const/crtatmega32a.o
 .debug_line    0x0000000000000119      0x1ec build/default/production/lcd_control_main.o
 .debug_line    0x0000000000000305      0x569 build/default/production/atemga32a.o
 .debug_line    0x000000000000086e      0x4dd build/default/production/interfacing_connection_logic.o
 .debug_line    0x0000000000000d4b       0xfa build/default/production/interrupt_configuration.o
 .debug_line    0x0000000000000e45      0x15d build/default/production/adc_interfacing.o

.debug_frame    0x0000000000000000      0x324
 *(.debug_frame)
 .debug_frame   0x0000000000000000       0x7c build/default/production/lcd_control_main.o
 .debug_frame   0x000000000000007c       0xa4 build/default/production/atemga32a.o
 .debug_frame   0x0000000000000120      0x17c build/default/production/interfacing_connection_logic.o
 .debug_frame   0x000000000000029c       0x24 build/default/production/interrupt_configuration.o
 .debug_frame   0x00000000000002c0       0x64 build/default/production/adc_interfacing.o

.debug_str      0x0000000000000000      0x36c
 *(.debug_str)
 .debug_str     0x0000000000000000      0x196 C:/Program Files/Microchip/MPLABX/v5.50/packs/Microchip/ATmega_DFP/2.3.126/xc8/avr/lib/avr5/memx-const/crtatmega32a.o
 .debug_str     0x0000000000000196       0xb1 build/default/production/lcd_control_main.o
 .debug_str     0x0000000000000247       0x7e build/default/production/atemga32a.o
 .debug_str     0x00000000000002c5       0x95 build/default/production/interfacing_connection_logic.o
 .debug_str     0x000000000000035a       0x12 build/default/production/interrupt_configuration.o
 .debug_str     0x000000000000036c        0x0 build/default/production/adc_interfacing.o

.debug_loc      0x0000000000000000     0x1149
 *(.debug_loc)
 .debug_loc     0x0000000000000000       0xd8 build/default/production/lcd_control_main.o
 .debug_loc     0x00000000000000d8      0xab6 build/default/production/atemga32a.o
 .debug_loc     0x0000000000000b8e      0x420 build/default/production/interfacing_connection_logic.o
 .debug_loc     0x0000000000000fae       0xa6 build/default/production/interrupt_configuration.o
 .debug_loc     0x0000000000001054       0xf5 build/default/production/adc_interfacing.o

.debug_macinfo
 *(.debug_macinfo)

.debug_weaknames
 *(.debug_weaknames)

.debug_funcnames
 *(.debug_funcnames)

.debug_typenames
 *(.debug_typenames)

.debug_varnames
 *(.debug_varnames)

.debug_pubtypes
 *(.debug_pubtypes)

.debug_ranges   0x0000000000000000      0x138
 *(.debug_ranges)
 .debug_ranges  0x0000000000000000       0x18 build/default/production/lcd_control_main.o
 .debug_ranges  0x0000000000000018       0x50 build/default/production/atemga32a.o
 .debug_ranges  0x0000000000000068       0x90 build/default/production/interfacing_connection_logic.o
 .debug_ranges  0x00000000000000f8       0x10 build/default/production/interrupt_configuration.o
 .debug_ranges  0x0000000000000108       0x30 build/default/production/adc_interfacing.o

.debug_macro
 *(.debug_macro)
OUTPUT(dist/default/production/lcd_2x16_interfacing.production.elf elf32-avr)
LOAD linker stubs
LOAD data_init

.note.gnu.avr.deviceinfo
                0x0000000000000000       0x3c
 .note.gnu.avr.deviceinfo
                0x0000000000000000       0x3c C:/Program Files/Microchip/MPLABX/v5.50/packs/Microchip/ATmega_DFP/2.3.126/xc8/avr/lib/avr5/memx-const/crtatmega32a.o

.text.writeControlSignalOnPortPin
                0x00000000000000ae      0x1d8
 .text.writeControlSignalOnPortPin
                0x00000000000000ae      0x1d8 build/default/production/atemga32a.o
                0x00000000000000ae                writeControlSignalOnPortPin

.text.programPortPinInOut
                0x0000000000000286      0x112
 .text.programPortPinInOut
                0x0000000000000286      0x112 build/default/production/atemga32a.o
                0x0000000000000286                programPortPinInOut

.text.__vector_16
                0x0000000000000398       0xa4
 .text.__vector_16
                0x0000000000000398       0xa4 build/default/production/lcd_control_main.o
                0x0000000000000398                __vector_16

.text.commandLCD
                0x000000000000043c       0x70
 .text.commandLCD
                0x000000000000043c       0x70 build/default/production/interfacing_connection_logic.o
                0x000000000000043c                commandLCD

.text.displayCharacterOnLCD
                0x00000000000004ac       0x70
 .text.displayCharacterOnLCD
                0x00000000000004ac       0x70 build/default/production/interfacing_connection_logic.o
                0x00000000000004ac                displayCharacterOnLCD

.text.displayStringOnLCD
                0x000000000000051c       0x5c
 .text.displayStringOnLCD
                0x000000000000051c       0x5c build/default/production/interfacing_connection_logic.o
                0x000000000000051c                displayStringOnLCD

.text.initInterruptService
                0x0000000000000578       0x5c
 .text.initInterruptService
                0x0000000000000578       0x5c build/default/production/interrupt_configuration.o
                0x0000000000000578                initInterruptService

.text.main      0x00000000000005d4       0x56
 .text.main     0x00000000000005d4       0x56 build/default/production/lcd_control_main.o
                0x00000000000005d4                main

.text.displayINTOnLCD
                0x000000000000062a       0x4c
 .text.displayINTOnLCD
                0x000000000000062a       0x4c build/default/production/interfacing_connection_logic.o
                0x000000000000062a                displayINTOnLCD

.text.avrlibc   0x0000000000000676       0x34
 .text.avrlibc  0x0000000000000676       0x34 c:/program files/microchip/xc8/v2.32/avr/bin/../lib/gcc/avr/5.4.0/../../../../avr/lib/avr5/memx-const\libc.a(utoa_ncheck.o)
                0x0000000000000676                __utoa_ncheck
                0x0000000000000678                __utoa_common

.text.moveCursorToLocation
                0x00000000000006aa       0x2e
 .text.moveCursorToLocation
                0x00000000000006aa       0x2e build/default/production/interfacing_connection_logic.o
                0x00000000000006aa                moveCursorToLocation

.text.initBTN   0x00000000000006d8       0x24
 .text.initBTN  0x00000000000006d8       0x24 build/default/production/interfacing_connection_logic.o
                0x00000000000006d8                initBTN

.text.configureLCDDataBusLines
                0x00000000000006fc       0x22
 .text.configureLCDDataBusLines
                0x00000000000006fc       0x22 build/default/production/interfacing_connection_logic.o
                0x00000000000006fc                configureLCDDataBusLines

.text.initLED   0x000000000000071e       0x20
 .text.initLED  0x000000000000071e       0x20 build/default/production/interfacing_connection_logic.o
                0x000000000000071e                initLED

.text.avrlibc   0x000000000000073e       0x20
 .text.avrlibc  0x000000000000073e       0x20 c:/program files/microchip/xc8/v2.32/avr/bin/../lib/gcc/avr/5.4.0/../../../../avr/lib/avr5/memx-const\libc.a(strrev.o)
                0x000000000000073e                strrev

.text.turnLEDOnOff
                0x000000000000075e       0x1e
 .text.turnLEDOnOff
                0x000000000000075e       0x1e build/default/production/interfacing_connection_logic.o
                0x000000000000075e                turnLEDOnOff

.text.generateLCDEnableControlPuls
                0x000000000000077c       0x1e
 .text.generateLCDEnableControlPuls
                0x000000000000077c       0x1e build/default/production/interfacing_connection_logic.o
                0x000000000000077c                generateLCDEnableControlPuls

.text.onConversionComplete
                0x000000000000079a       0x1e
 .text.onConversionComplete
                0x000000000000079a       0x1e build/default/production/adc_interfacing.o
                0x000000000000079a                onConversionComplete

.text.configureLCDControlPins
                0x00000000000007b8       0x1a
 .text.configureLCDControlPins
                0x00000000000007b8       0x1a build/default/production/interfacing_connection_logic.o
                0x00000000000007b8                configureLCDControlPins

.text.avrlibc   0x00000000000007d2       0x16
 .text.avrlibc  0x00000000000007d2       0x16 c:/program files/microchip/xc8/v2.32/avr/bin/../lib/gcc/avr/5.4.0/../../../../avr/lib/avr5/memx-const\libc.a(itoa_ncheck.o)
                0x00000000000007d2                __itoa_ncheck

.text.initLEDS  0x00000000000007e8       0x14
 .text.initLEDS
                0x00000000000007e8       0x14 build/default/production/interfacing_connection_logic.o
                0x00000000000007e8                initLEDS

.text.initBTNS  0x00000000000007fc       0x14
 .text.initBTNS
                0x00000000000007fc       0x14 build/default/production/interfacing_connection_logic.o
                0x00000000000007fc                initBTNS

.text.onInitADC
                0x0000000000000810       0x14
 .text.onInitADC
                0x0000000000000810       0x14 build/default/production/adc_interfacing.o
                0x0000000000000810                onInitADC

.text.onStartConversion
                0x0000000000000824       0x14
 .text.onStartConversion
                0x0000000000000824       0x14 build/default/production/adc_interfacing.o
                0x0000000000000824                onStartConversion

.text.initLCD   0x0000000000000838        0xe
 .text.initLCD  0x0000000000000838        0xe build/default/production/interfacing_connection_logic.o
                0x0000000000000838                initLCD

.text           0x0000000000000846        0x4
 .text          0x0000000000000846        0x4 C:/Program Files/Microchip/MPLABX/v5.50/packs/Microchip/ATmega_DFP/2.3.126/xc8/avr/lib/avr5/memx-const/crtatmega32a.o
                0x0000000000000846                __vector_1
                0x0000000000000846                __vector_12
                0x0000000000000846                __bad_interrupt
                0x0000000000000846                __vector_6
                0x0000000000000846                __vector_3
                0x0000000000000846                __vector_11
                0x0000000000000846                __vector_13
                0x0000000000000846                __vector_17
                0x0000000000000846                __vector_19
                0x0000000000000846                __vector_7
                0x0000000000000846                __vector_5
                0x0000000000000846                __vector_4
                0x0000000000000846                __vector_9
                0x0000000000000846                __vector_2
                0x0000000000000846                __vector_15
                0x0000000000000846                __vector_8
                0x0000000000000846                __vector_14
                0x0000000000000846                __vector_10
                0x0000000000000846                __vector_18
                0x0000000000000846                __vector_20
